
Optional file libmchp_peripheral.a not found

Optional file libmchp_peripheral_32MX320F128H.a not found
Archive member included because of file (symbol)

c:/program files/microchip/xc32/v2.50/bin/bin/../../lib/gcc/pic32mx/4.8.3\libgcc.a(floatunsisf.o)
                              build/default/production/AD.o (__floatunsisf)
c:/program files/microchip/xc32/v2.50/bin/bin/../../lib/gcc/pic32mx/4.8.3/../../../../pic32mx/lib\libpic32.a(default-bootstrap-exception-handler.o)
                              C:\Users\LEOKIN~1\AppData\Local\Temp\ccgg4czK.o (_bootstrap_exception_handler)
c:/program files/microchip/xc32/v2.50/bin/bin/../../lib/gcc/pic32mx/4.8.3/../../../../pic32mx/lib\libpic32.a(default-on-reset.o)
                              C:\Users\LEOKIN~1\AppData\Local\Temp\ccgg4czK.o (_on_reset)
c:/program files/microchip/xc32/v2.50/bin/bin/../../lib/gcc/pic32mx/4.8.3/../../../../pic32mx/lib\libpic32.a(default-on-bootstrap.o)
                              C:\Users\LEOKIN~1\AppData\Local\Temp\ccgg4czK.o (_on_bootstrap)
c:/program files/microchip/xc32/v2.50/bin/bin/../../lib/gcc/pic32mx/4.8.3/../../../../pic32mx/lib\libpic32.a(default-nmi-handler.o)
                              C:\Users\LEOKIN~1\AppData\Local\Temp\ccgg4czK.o (_nmi_handler)
c:/program files/microchip/xc32/v2.50/bin/bin/../../lib/gcc/pic32mx/4.8.3/../../../../pic32mx/lib\libpic32.a(pic32_data_init.o)
                              C:\Users\LEOKIN~1\AppData\Local\Temp\ccgg4czK.o (__pic32_data_init)
c:/program files/microchip/xc32/v2.50/bin/bin/../../lib/gcc/pic32mx/4.8.3/../../../../pic32mx/lib\libpic32.a(general-exception.o)
                              C:\Users\LEOKIN~1\AppData\Local\Temp\ccgg4czK.o (_general_exception_context)
c:/program files/microchip/xc32/v2.50/bin/bin/../../lib/gcc/pic32mx/4.8.3/../../../../pic32mx/lib\libpic32.a(vector0.o)
                              C:\Users\LEOKIN~1\AppData\Local\Temp\ccMD0BhX.o (__vector_dispatch_0)
c:/program files/microchip/xc32/v2.50/bin/bin/../../lib/gcc/pic32mx/4.8.3/../../../../pic32mx/lib\libpic32.a(vector1.o)
                              C:\Users\LEOKIN~1\AppData\Local\Temp\ccMD0BhX.o (__vector_dispatch_1)
c:/program files/microchip/xc32/v2.50/bin/bin/../../lib/gcc/pic32mx/4.8.3/../../../../pic32mx/lib\libpic32.a(vector2.o)
                              C:\Users\LEOKIN~1\AppData\Local\Temp\ccMD0BhX.o (__vector_dispatch_2)
c:/program files/microchip/xc32/v2.50/bin/bin/../../lib/gcc/pic32mx/4.8.3/../../../../pic32mx/lib\libpic32.a(vector3.o)
                              C:\Users\LEOKIN~1\AppData\Local\Temp\ccMD0BhX.o (__vector_dispatch_3)
c:/program files/microchip/xc32/v2.50/bin/bin/../../lib/gcc/pic32mx/4.8.3/../../../../pic32mx/lib\libpic32.a(vector5.o)
                              C:\Users\LEOKIN~1\AppData\Local\Temp\ccMD0BhX.o (__vector_dispatch_5)
c:/program files/microchip/xc32/v2.50/bin/bin/../../lib/gcc/pic32mx/4.8.3/../../../../pic32mx/lib\libpic32.a(vector6.o)
                              C:\Users\LEOKIN~1\AppData\Local\Temp\ccMD0BhX.o (__vector_dispatch_6)
c:/program files/microchip/xc32/v2.50/bin/bin/../../lib/gcc/pic32mx/4.8.3/../../../../pic32mx/lib\libpic32.a(vector7.o)
                              C:\Users\LEOKIN~1\AppData\Local\Temp\ccMD0BhX.o (__vector_dispatch_7)
c:/program files/microchip/xc32/v2.50/bin/bin/../../lib/gcc/pic32mx/4.8.3/../../../../pic32mx/lib\libpic32.a(vector8.o)
                              C:\Users\LEOKIN~1\AppData\Local\Temp\ccMD0BhX.o (__vector_dispatch_8)
c:/program files/microchip/xc32/v2.50/bin/bin/../../lib/gcc/pic32mx/4.8.3/../../../../pic32mx/lib\libpic32.a(vector9.o)
                              C:\Users\LEOKIN~1\AppData\Local\Temp\ccMD0BhX.o (__vector_dispatch_9)
c:/program files/microchip/xc32/v2.50/bin/bin/../../lib/gcc/pic32mx/4.8.3/../../../../pic32mx/lib\libpic32.a(vector10.o)
                              C:\Users\LEOKIN~1\AppData\Local\Temp\ccMD0BhX.o (__vector_dispatch_10)
c:/program files/microchip/xc32/v2.50/bin/bin/../../lib/gcc/pic32mx/4.8.3/../../../../pic32mx/lib\libpic32.a(vector11.o)
                              C:\Users\LEOKIN~1\AppData\Local\Temp\ccMD0BhX.o (__vector_dispatch_11)
c:/program files/microchip/xc32/v2.50/bin/bin/../../lib/gcc/pic32mx/4.8.3/../../../../pic32mx/lib\libpic32.a(vector12.o)
                              C:\Users\LEOKIN~1\AppData\Local\Temp\ccMD0BhX.o (__vector_dispatch_12)
c:/program files/microchip/xc32/v2.50/bin/bin/../../lib/gcc/pic32mx/4.8.3/../../../../pic32mx/lib\libpic32.a(vector13.o)
                              C:\Users\LEOKIN~1\AppData\Local\Temp\ccMD0BhX.o (__vector_dispatch_13)
c:/program files/microchip/xc32/v2.50/bin/bin/../../lib/gcc/pic32mx/4.8.3/../../../../pic32mx/lib\libpic32.a(vector14.o)
                              C:\Users\LEOKIN~1\AppData\Local\Temp\ccMD0BhX.o (__vector_dispatch_14)
c:/program files/microchip/xc32/v2.50/bin/bin/../../lib/gcc/pic32mx/4.8.3/../../../../pic32mx/lib\libpic32.a(vector15.o)
[...]
Memory Configuration

Name             Origin             Length             Attributes
kseg0_program_mem 0x9d002000         0x0001d000         xr
kseg0_boot_mem   0x9d000490         0x00000970
exception_mem    0x9d001000         0x00001000
kseg1_boot_mem   0xbd000000         0x00000490
debug_exec_mem   0xbfc02000         0x00000ff0
config3          0xbfc02ff0         0x00000004
config2          0xbfc02ff4         0x00000004
config1          0xbfc02ff8         0x00000004
config0          0xbfc02ffc         0x00000004
kseg1_data_mem   0xa0000000         0x00004000         w !x
sfrs             0xbf800000         0x00100000
configsfrs       0xbfc02ff0         0x00000010
*default*        0x00000000         0xffffffff

Linker script and memory map

LOAD c:/program files/microchip/xc32/v2.50/bin/bin/../../lib/gcc/pic32mx/4.8.3/../../../../pic32mx/lib\debug-exception-return.o
LOAD build/default/production/AD.o
LOAD build/default/production/BOARD.o
LOAD build/default/production/ES_CheckEvents.o
LOAD build/default/production/ES_Framework.o
LOAD build/default/production/ES_KeyboardInput.o
LOAD build/default/production/ES_PostList.o
LOAD build/default/production/ES_Queue.o
LOAD build/default/production/ES_Timers.o
LOAD build/default/production/IO_Ports.o
LOAD build/default/production/LED.o
LOAD build/default/production/pwm.o
LOAD build/default/production/RC_Servo.o
LOAD build/default/production/serial.o
LOAD build/default/production/timers.o
LOAD build/default/production/BCEventChecker.o
LOAD build/default/production/DigitalTapeSensors.o
LOAD build/default/production/TESTEventService.o
LOAD build/default/production/AnalogTapeSensors.o
LOAD build/default/production/Motor_Driver.o
LOAD build/default/production/Servo.o
LOAD build/default/production/BumperSensor.o
LOAD build/default/production/TrackWire.o
LOAD build/default/production/Beacon.o
LOAD build/default/production/OnePointerSubHSM.o
LOAD build/default/production/TwoPointerSubHSM.o
LOAD build/default/production/ThreePointerSubHSM.o
LOAD build/default/production/OPBSubHSM.o
LOAD build/default/production/BDayFSM.o
                0x00000001                __MPLAB_BUILD = 0x1
                0x00000400                PROVIDE (_min_stack_size, 0x400)
START GROUP
LOAD libmchp_peripheral.a
END GROUP
START GROUP
LOAD libmchp_peripheral_32MX320F128H.a
END GROUP
                0x00000001                PROVIDE (_vector_spacing, 0x1)
                0x9d001000                _ebase_address = 0x9d001000
                0xbd000000                _RESET_ADDR = 0xbd000000
                0xbd000380                _BEV_EXCPT_ADDR = 0xbd000380
                0xbd000480                _DBG_EXCPT_ADDR = 0xbd000480
                0xbfc02000                _DBG_CODE_ADDR = 0xbfc02000
                0x00000ff0                _DBG_CODE_SIZE = 0xff0
                0x9d001180                _GEN_EXCPT_ADDR = (_ebase_address + 0x180)

.config_BFC02FF0
 *(.config_BFC02FF0)

.config_BFC02FF4
 *(.config_BFC02FF4)

.config_BFC02FF8
 *(.config_BFC02FF8)

.config_BFC02FFC
 *(.config_BFC02FFC)
                0xbfc02000                PROVIDE (_DBG_CODE_ADDR, 0xbfc02000)
                0x00000ff0                PROVIDE (_DBG_CODE_SIZE, 0xff0)

.reset          0xbd000000      0x19c
 *(.reset)
 .reset         0xbd000000        0x8 C:\Users\LEOKIN~1\AppData\Local\Temp\ccgg4czK.o
                0xbd000000                _reset
 *(.reset.startup)
 .reset.startup
                0xbd000008      0x194 C:\Users\LEOKIN~1\AppData\Local\Temp\ccgg4czK.o
                0xbd000008                _startup

.bev_excpt      0xbd000380       0x10
 *(.bev_handler)
 .bev_handler   0xbd000380       0x10 C:\Users\LEOKIN~1\AppData\Local\Temp\ccgg4czK.o

.dbg_excpt      0xbd000480        0x0
                0xbd000480                . = (. + DEFINED (_DEBUGGER)?0x8:0x0)

.dbg_code       0xbfc02000        0x0
                0xbfc02000                . = (. + DEFINED (_DEBUGGER)?_DBG_CODE_SIZE:0x0)

.app_excpt      0x9d001180       0x10
 *(.gen_handler)
 .gen_handler   0x9d001180       0x10 C:\Users\LEOKIN~1\AppData\Local\Temp\ccgg4czK.o

.vector_0       0x9d001200        0x8
 *(.vector_0)
 .vector_0      0x9d001200        0x8 c:/program files/microchip/xc32/v2.50/bin/bin/../../lib/gcc/pic32mx/4.8.3/../../../../pic32mx/lib\libpic32.a(vector0.o)
                0x9d001200                __vector_dispatch_0
                0x00000001                ASSERT (((_vector_spacing == 0x0) || (SIZEOF (.vector_0) <= (_vector_spacing << 0x5))), function at exception vector 0 too large)

.vector_1       0x9d001220        0x8
 *(.vector_1)
 .vector_1      0x9d001220        0x8 c:/program files/microchip/xc32/v2.50/bin/bin/../../lib/gcc/pic32mx/4.8.3/../../../../pic32mx/lib\libpic32.a(vector1.o)
                0x9d001220                __vector_dispatch_1
                0x00000001                ASSERT (((_vector_spacing == 0x0) || (SIZEOF (.vector_1) <= (_vector_spacing << 0x5))), function at exception vector 1 too large)

.vector_2       0x9d001240        0x8
 *(.vector_2)
 .vector_2      0x9d001240        0x8 c:/program files/microchip/xc32/v2.50/bin/bin/../../lib/gcc/pic32mx/4.8.3/../../../../pic32mx/lib\libpic32.a(vector2.o)
                0x9d001240                __vector_dispatch_2
                0x00000001                ASSERT (((_vector_spacing == 0x0) || (SIZEOF (.vector_2) <= (_vector_spacing << 0x5))), function at exception vector 2 too large)

.vector_3       0x9d001260        0x8
 *(.vector_3)
 .vector_3      0x9d001260        0x8 c:/program files/microchip/xc32/v2.50/bin/bin/../../lib/gcc/pic32mx/4.8.3/../../../../pic32mx/lib\libpic32.a(vector3.o)
                0x9d001260                __vector_dispatch_3
                0x00000001                ASSERT (((_vector_spacing == 0x0) || (SIZEOF (.vector_3) <= (_vector_spacing << 0x5))), function at exception vector 3 too large)

.vector_4       0x9d001280        0x8
 *(.vector_4)
 .vector_4      0x9d001280        0x8 build/default/production/ES_Timers.o
                0x9d001280                __vector_dispatch_4
                0x00000001                ASSERT (((_vector_spacing == 0x0) || (SIZEOF (.vector_4) <= (_vector_spacing << 0x5))), function at exception vector 4 too large)

.vector_5       0x9d0012a0        0x8
 *(.vector_5)
 .vector_5      0x9d0012a0        0x8 c:/program files/microchip/xc32/v2.50/bin/bin/../../lib/gcc/pic32mx/4.8.3/../../../../pic32mx/lib\libpic32.a(vector5.o)
                0x9d0012a0                __vector_dispatch_5
                0x00000001                ASSERT (((_vector_spacing == 0x0) || (SIZEOF (.vector_5) <= (_vector_spacing << 0x5))), function at exception vector 5 too large)

.vector_6       0x9d0012c0        0x8
 *(.vector_6)
 .vector_6      0x9d0012c0        0x8 c:/program files/microchip/xc32/v2.50/bin/bin/../../lib/gcc/pic32mx/4.8.3/../../../../pic32mx/lib\libpic32.a(vector6.o)
                0x9d0012c0                __vector_dispatch_6
                0x00000001                ASSERT (((_vector_spacing == 0x0) || (SIZEOF (.vector_6) <= (_vector_spacing << 0x5))), function at exception vector 6 too large)

.vector_7       0x9d0012e0        0x8
 *(.vector_7)
 .vector_7      0x9d0012e0        0x8 c:/program files/microchip/xc32/v2.50/bin/bin/../../lib/gcc/pic32mx/4.8.3/../../../../pic32mx/lib\libpic32.a(vector7.o)
                0x9d0012e0                __vector_dispatch_7
                0x00000001                ASSERT (((_vector_spacing == 0x0) || (SIZEOF (.vector_7) <= (_vector_spacing << 0x5))), function at exception vector 7 too large)

.vector_8       0x9d001300        0x8
 *(.vector_8)
 .vector_8      0x9d001300        0x8 c:/program files/microchip/xc32/v2.50/bin/bin/../../lib/gcc/pic32mx/4.8.3/../../../../pic32mx/lib\libpic32.a(vector8.o)
                0x9d001300                __vector_dispatch_8
                0x00000001                ASSERT (((_vector_spacing == 0x0) || (SIZEOF (.vector_8) <= (_vector_spacing << 0x5))), function at exception vector 8 too large)

.vector_9       0x9d001320        0x8
 *(.vector_9)
 .vector_9      0x9d001320        0x8 c:/program files/microchip/xc32/v2.50/bin/bin/../../lib/gcc/pic32mx/4.8.3/../../../../pic32mx/lib\libpic32.a(vector9.o)
                0x9d001320                __vector_dispatch_9
                0x00000001                ASSERT (((_vector_spacing == 0x0) || (SIZEOF (.vector_9) <= (_vector_spacing << 0x5))), function at exception vector 9 too large)

.vector_10      0x9d001340        0x8
 *(.vector_10)
 .vector_10     0x9d001340        0x8 c:/program files/microchip/xc32/v2.50/bin/bin/../../lib/gcc/pic32mx/4.8.3/../../../../pic32mx/lib\libpic32.a(vector10.o)
                0x9d001340                __vector_dispatch_10
                0x00000001                ASSERT (((_vector_spacing == 0x0) || (SIZEOF (.vector_10) <= (_vector_spacing << 0x5))), function at exception vector 10 too large)

.vector_11      0x9d001360        0x8
 *(.vector_11)
 .vector_11     0x9d001360        0x8 c:/program files/microchip/xc32/v2.50/bin/bin/../../lib/gcc/pic32mx/4.8.3/../../../../pic32mx/lib\libpic32.a(vector11.o)
                0x9d001360                __vector_dispatch_11
                0x00000001                ASSERT (((_vector_spacing == 0x0) || (SIZEOF (.vector_11) <= (_vector_spacing << 0x5))), function at exception vector 11 too large)

.vector_12      0x9d001380        0x8
 *(.vector_12)
 .vector_12     0x9d001380        0x8 c:/program files/microchip/xc32/v2.50/bin/bin/../../lib/gcc/pic32mx/4.8.3/../../../../pic32mx/lib\libpic32.a(vector12.o)
                0x9d001380                __vector_dispatch_12
                0x00000001                ASSERT (((_vector_spacing == 0x0) || (SIZEOF (.vector_12) <= (_vector_spacing << 0x5))), function at exception vector 12 too large)

.vector_13      0x9d0013a0        0x8
 *(.vector_13)
 .vector_13     0x9d0013a0        0x8 c:/program files/microchip/xc32/v2.50/bin/bin/../../lib/gcc/pic32mx/4.8.3/../../../../pic32mx/lib\libpic32.a(vector13.o)
                0x9d0013a0                __vector_dispatch_13
                0x00000001                ASSERT (((_vector_spacing == 0x0) || (SIZEOF (.vector_13) <= (_vector_spacing << 0x5))), function at exception vector 13 too large)

.vector_14      0x9d0013c0        0x8
 *(.vector_14)
 .vector_14     0x9d0013c0        0x8 c:/program files/microchip/xc32/v2.50/bin/bin/../../lib/gcc/pic32mx/4.8.3/../../../../pic32mx/lib\libpic32.a(vector14.o)
                0x9d0013c0                __vector_dispatch_14
                0x00000001                ASSERT (((_vector_spacing == 0x0) || (SIZEOF (.vector_14) <= (_vector_spacing << 0x5))), function at exception vector 14 too large)

.vector_15      0x9d0013e0        0x8
 *(.vector_15)
 .vector_15     0x9d0013e0        0x8 c:/program files/microchip/xc32/v2.50/bin/bin/../../lib/gcc/pic32mx/4.8.3/../../../../pic32mx/lib\libpic32.a(vector15.o)
                0x9d0013e0                __vector_dispatch_15
                0x00000001                ASSERT (((_vector_spacing == 0x0) || (SIZEOF (.vector_15) <= (_vector_spacing << 0x5))), function at exception vector 15 too large)

.vector_16      0x9d001400        0x8
 *(.vector_16)
 .vector_16     0x9d001400        0x8 build/default/production/RC_Servo.o
                0x9d001400                __vector_dispatch_16
                0x00000001                ASSERT (((_vector_spacing == 0x0) || (SIZEOF (.vector_16) <= (_vector_spacing << 0x5))), function at exception vector 16 too large)

.vector_17      0x9d001420        0x8
 *(.vector_17)
 .vector_17     0x9d001420        0x8 c:/program files/microchip/xc32/v2.50/bin/bin/../../lib/gcc/pic32mx/4.8.3/../../../../pic32mx/lib\libpic32.a(vector17.o)
                0x9d001420                __vector_dispatch_17
                0x00000001                ASSERT (((_vector_spacing == 0x0) || (SIZEOF (.vector_17) <= (_vector_spacing << 0x5))), function at exception vector 17 too large)

.vector_18      0x9d001440        0x8
 *(.vector_18)
 .vector_18     0x9d001440        0x8 c:/program files/microchip/xc32/v2.50/bin/bin/../../lib/gcc/pic32mx/4.8.3/../../../../pic32mx/lib\libpic32.a(vector18.o)
                0x9d001440                __vector_dispatch_18
                0x00000001                ASSERT (((_vector_spacing == 0x0) || (SIZEOF (.vector_18) <= (_vector_spacing << 0x5))), function at exception vector 18 too large)

.vector_19      0x9d001460        0x8
 *(.vector_19)
 .vector_19     0x9d001460        0x8 c:/program files/microchip/xc32/v2.50/bin/bin/../../lib/gcc/pic32mx/4.8.3/../../../../pic32mx/lib\libpic32.a(vector19.o)
                0x9d001460                __vector_dispatch_19
                0x00000001                ASSERT (((_vector_spacing == 0x0) || (SIZEOF (.vector_19) <= (_vector_spacing << 0x5))), function at exception vector 19 too large)

.vector_20      0x9d001480        0x8
 *(.vector_20)
 .vector_20     0x9d001480        0x8 build/default/production/timers.o
                0x9d001480                __vector_dispatch_20
                0x00000001                ASSERT (((_vector_spacing == 0x0) || (SIZEOF (.vector_20) <= (_vector_spacing << 0x5))), function at exception vector 20 too large)

.vector_21      0x9d0014a0        0x8
 *(.vector_21)
 .vector_21     0x9d0014a0        0x8 c:/program files/microchip/xc32/v2.50/bin/bin/../../lib/gcc/pic32mx/4.8.3/../../../../pic32mx/lib\libpic32.a(vector21.o)
                0x9d0014a0                __vector_dispatch_21
                0x00000001                ASSERT (((_vector_spacing == 0x0) || (SIZEOF (.vector_21) <= (_vector_spacing << 0x5))), function at exception vector 21 too large)

.vector_22      0x9d0014c0        0x8
 *(.vector_22)
 .vector_22     0x9d0014c0        0x8 c:/program files/microchip/xc32/v2.50/bin/bin/../../lib/gcc/pic32mx/4.8.3/../../../../pic32mx/lib\libpic32.a(vector22.o)
                0x9d0014c0                __vector_dispatch_22
                0x00000001                ASSERT (((_vector_spacing == 0x0) || (SIZEOF (.vector_22) <= (_vector_spacing << 0x5))), function at exception vector 22 too large)

.vector_23      0x9d0014e0        0x8
 *(.vector_23)
 .vector_23     0x9d0014e0        0x8 c:/program files/microchip/xc32/v2.50/bin/bin/../../lib/gcc/pic32mx/4.8.3/../../../../pic32mx/lib\libpic32.a(vector23.o)
                0x9d0014e0                __vector_dispatch_23
                0x00000001                ASSERT (((_vector_spacing == 0x0) || (SIZEOF (.vector_23) <= (_vector_spacing << 0x5))), function at exception vector 23 too large)

.vector_24      0x9d001500        0x8
 *(.vector_24)
 .vector_24     0x9d001500        0x8 build/default/production/serial.o
                0x9d001500                __vector_dispatch_24
                0x00000001                ASSERT (((_vector_spacing == 0x0) || (SIZEOF (.vector_24) <= (_vector_spacing << 0x5))), function at exception vector 24 too large)

.vector_25      0x9d001520        0x8
 *(.vector_25)
 .vector_25     0x9d001520        0x8 c:/program files/microchip/xc32/v2.50/bin/bin/../../lib/gcc/pic32mx/4.8.3/../../../../pic32mx/lib\libpic32.a(vector25.o)
                0x9d001520                __vector_dispatch_25
                0x00000001                ASSERT (((_vector_spacing == 0x0) || (SIZEOF (.vector_25) <= (_vector_spacing << 0x5))), function at exception vector 25 too large)

.vector_26      0x9d001540        0x8
 *(.vector_26)
 .vector_26     0x9d001540        0x8 c:/program files/microchip/xc32/v2.50/bin/bin/../../lib/gcc/pic32mx/4.8.3/../../../../pic32mx/lib\libpic32.a(vector26.o)
                0x9d001540                __vector_dispatch_26
                0x00000001                ASSERT (((_vector_spacing == 0x0) || (SIZEOF (.vector_26) <= (_vector_spacing << 0x5))), function at exception vector 26 too large)

.vector_27      0x9d001560        0x8
 *(.vector_27)
 .vector_27     0x9d001560        0x8 build/default/production/AD.o
                0x9d001560                __vector_dispatch_27
                0x00000001                ASSERT (((_vector_spacing == 0x0) || (SIZEOF (.vector_27) <= (_vector_spacing << 0x5))), function at exception vector 27 too large)

.vector_28      0x9d001580        0x8
 *(.vector_28)
 .vector_28     0x9d001580        0x8 c:/program files/microchip/xc32/v2.50/bin/bin/../../lib/gcc/pic32mx/4.8.3/../../../../pic32mx/lib\libpic32.a(vector28.o)
                0x9d001580                __vector_dispatch_28
                0x00000001                ASSERT (((_vector_spacing == 0x0) || (SIZEOF (.vector_28) <= (_vector_spacing << 0x5))), function at exception vector 28 too large)

.vector_29      0x9d0015a0        0x8
 *(.vector_29)
 .vector_29     0x9d0015a0        0x8 c:/program files/microchip/xc32/v2.50/bin/bin/../../lib/gcc/pic32mx/4.8.3/../../../../pic32mx/lib\libpic32.a(vector29.o)
                0x9d0015a0                __vector_dispatch_29
                0x00000001                ASSERT (((_vector_spacing == 0x0) || (SIZEOF (.vector_29) <= (_vector_spacing << 0x5))), function at exception vector 29 too large)

.vector_30      0x9d0015c0        0x8
 *(.vector_30)
 .vector_30     0x9d0015c0        0x8 c:/program files/microchip/xc32/v2.50/bin/bin/../../lib/gcc/pic32mx/4.8.3/../../../../pic32mx/lib\libpic32.a(vector30.o)
                0x9d0015c0                __vector_dispatch_30
                0x00000001                ASSERT (((_vector_spacing == 0x0) || (SIZEOF (.vector_30) <= (_vector_spacing << 0x5))), function at exception vector 30 too large)

.vector_31      0x9d0015e0        0x8
 *(.vector_31)
 .vector_31     0x9d0015e0        0x8 c:/program files/microchip/xc32/v2.50/bin/bin/../../lib/gcc/pic32mx/4.8.3/../../../../pic32mx/lib\libpic32.a(vector31.o)
                0x9d0015e0                __vector_dispatch_31
                0x00000001                ASSERT (((_vector_spacing == 0x0) || (SIZEOF (.vector_31) <= (_vector_spacing << 0x5))), function at exception vector 31 too large)

.vector_32      0x9d001600        0x8
 *(.vector_32)
 .vector_32     0x9d001600        0x8 c:/program files/microchip/xc32/v2.50/bin/bin/../../lib/gcc/pic32mx/4.8.3/../../../../pic32mx/lib\libpic32.a(vector32.o)
                0x9d001600                __vector_dispatch_32
                0x00000001                ASSERT (((_vector_spacing == 0x0) || (SIZEOF (.vector_32) <= (_vector_spacing << 0x5))), function at exception vector 32 too large)

.vector_33      0x9d001620        0x8
 *(.vector_33)
 .vector_33     0x9d001620        0x8 c:/program files/microchip/xc32/v2.50/bin/bin/../../lib/gcc/pic32mx/4.8.3/../../../../pic32mx/lib\libpic32.a(vector33.o)
                0x9d001620                __vector_dispatch_33
                0x00000001                ASSERT (((_vector_spacing == 0x0) || (SIZEOF (.vector_33) <= (_vector_spacing << 0x5))), function at exception vector 33 too large)

.vector_34      0x9d001640        0x8
 *(.vector_34)
 .vector_34     0x9d001640        0x8 c:/program files/microchip/xc32/v2.50/bin/bin/../../lib/gcc/pic32mx/4.8.3/../../../../pic32mx/lib\libpic32.a(vector34.o)
                0x9d001640                __vector_dispatch_34
                0x00000001                ASSERT (((_vector_spacing == 0x0) || (SIZEOF (.vector_34) <= (_vector_spacing << 0x5))), function at exception vector 34 too large)

.vector_35      0x9d001660        0x8
 *(.vector_35)
 .vector_35     0x9d001660        0x8 c:/program files/microchip/xc32/v2.50/bin/bin/../../lib/gcc/pic32mx/4.8.3/../../../../pic32mx/lib\libpic32.a(vector35.o)
                0x9d001660                __vector_dispatch_35
                0x00000001                ASSERT (((_vector_spacing == 0x0) || (SIZEOF (.vector_35) <= (_vector_spacing << 0x5))), function at exception vector 35 too large)

.vector_36      0x9d001680        0x8
 *(.vector_36)
 .vector_36     0x9d001680        0x8 c:/program files/microchip/xc32/v2.50/bin/bin/../../lib/gcc/pic32mx/4.8.3/../../../../pic32mx/lib\libpic32.a(vector36.o)
                0x9d001680                __vector_dispatch_36
                0x00000001                ASSERT (((_vector_spacing == 0x0) || (SIZEOF (.vector_36) <= (_vector_spacing << 0x5))), function at exception vector 36 too large)

.vector_37      0x9d0016a0        0x8
 *(.vector_37)
 .vector_37     0x9d0016a0        0x8 c:/program files/microchip/xc32/v2.50/bin/bin/../../lib/gcc/pic32mx/4.8.3/../../../../pic32mx/lib\libpic32.a(vector37.o)
                0x9d0016a0                __vector_dispatch_37
                0x00000001                ASSERT (((_vector_spacing == 0x0) || (SIZEOF (.vector_37) <= (_vector_spacing << 0x5))), function at exception vector 37 too large)

.vector_38      0x9d0016c0        0x8
 *(.vector_38)
 .vector_38     0x9d0016c0        0x8 c:/program files/microchip/xc32/v2.50/bin/bin/../../lib/gcc/pic32mx/4.8.3/../../../../pic32mx/lib\libpic32.a(vector38.o)
                0x9d0016c0                __vector_dispatch_38
                0x00000001                ASSERT (((_vector_spacing == 0x0) || (SIZEOF (.vector_38) <= (_vector_spacing << 0x5))), function at exception vector 38 too large)

.vector_39      0x9d0016e0        0x8
 *(.vector_39)
 .vector_39     0x9d0016e0        0x8 c:/program files/microchip/xc32/v2.50/bin/bin/../../lib/gcc/pic32mx/4.8.3/../../../../pic32mx/lib\libpic32.a(vector39.o)
                0x9d0016e0                __vector_dispatch_39
                0x00000001                ASSERT (((_vector_spacing == 0x0) || (SIZEOF (.vector_39) <= (_vector_spacing << 0x5))), function at exception vector 39 too large)

.vector_40      0x9d001700        0x8
 *(.vector_40)
 .vector_40     0x9d001700        0x8 c:/program files/microchip/xc32/v2.50/bin/bin/../../lib/gcc/pic32mx/4.8.3/../../../../pic32mx/lib\libpic32.a(vector40.o)
                0x9d001700                __vector_dispatch_40
                0x00000001                ASSERT (((_vector_spacing == 0x0) || (SIZEOF (.vector_40) <= (_vector_spacing << 0x5))), function at exception vector 40 too large)

.vector_41      0x9d001720        0x8
 *(.vector_41)
 .vector_41     0x9d001720        0x8 c:/program files/microchip/xc32/v2.50/bin/bin/../../lib/gcc/pic32mx/4.8.3/../../../../pic32mx/lib\libpic32.a(vector41.o)
                0x9d001720                __vector_dispatch_41
                0x00000001                ASSERT (((_vector_spacing == 0x0) || (SIZEOF (.vector_41) <= (_vector_spacing << 0x5))), function at exception vector 41 too large)

.vector_42      0x9d001740        0x8
 *(.vector_42)
 .vector_42     0x9d001740        0x8 c:/program files/microchip/xc32/v2.50/bin/bin/../../lib/gcc/pic32mx/4.8.3/../../../../pic32mx/lib\libpic32.a(vector42.o)
                0x9d001740                __vector_dispatch_42
                0x00000001                ASSERT (((_vector_spacing == 0x0) || (SIZEOF (.vector_42) <= (_vector_spacing << 0x5))), function at exception vector 42 too large)

.vector_43      0x9d001760        0x8
 *(.vector_43)
 .vector_43     0x9d001760        0x8 c:/program files/microchip/xc32/v2.50/bin/bin/../../lib/gcc/pic32mx/4.8.3/../../../../pic32mx/lib\libpic32.a(vector43.o)
                0x9d001760                __vector_dispatch_43
                0x00000001                ASSERT (((_vector_spacing == 0x0) || (SIZEOF (.vector_43) <= (_vector_spacing << 0x5))), function at exception vector 43 too large)

.vector_44      0x9d001780        0x8
 *(.vector_44)
 .vector_44     0x9d001780        0x8 c:/program files/microchip/xc32/v2.50/bin/bin/../../lib/gcc/pic32mx/4.8.3/../../../../pic32mx/lib\libpic32.a(vector44.o)
                0x9d001780                __vector_dispatch_44
                0x00000001                ASSERT (((_vector_spacing == 0x0) || (SIZEOF (.vector_44) <= (_vector_spacing << 0x5))), function at exception vector 44 too large)

.vector_45      0x9d0017a0        0x0
 *(.vector_45)
                0x00000001                ASSERT (((_vector_spacing == 0x0) || (SIZEOF (.vector_45) <= (_vector_spacing << 0x5))), function at exception vector 45 too large)

.vector_46      0x9d0017c0        0x0
 *(.vector_46)
                0x00000001                ASSERT (((_vector_spacing == 0x0) || (SIZEOF (.vector_46) <= (_vector_spacing << 0x5))), function at exception vector 46 too large)

.vector_47      0x9d0017e0        0x0
 *(.vector_47)
                0x00000001                ASSERT (((_vector_spacing == 0x0) || (SIZEOF (.vector_47) <= (_vector_spacing << 0x5))), function at exception vector 47 too large)

.vector_48      0x9d001800        0x0
 *(.vector_48)
                0x00000001                ASSERT (((_vector_spacing == 0x0) || (SIZEOF (.vector_48) <= (_vector_spacing << 0x5))), function at exception vector 48 too large)

.vector_49      0x9d001820        0x0
 *(.vector_49)
                0x00000001                ASSERT (((_vector_spacing == 0x0) || (SIZEOF (.vector_49) <= (_vector_spacing << 0x5))), function at exception vector 49 too large)

.vector_50      0x9d001840        0x0
 *(.vector_50)
                0x00000001                ASSERT (((_vector_spacing == 0x0) || (SIZEOF (.vector_50) <= (_vector_spacing << 0x5))), function at exception vector 50 too large)

.vector_51      0x9d001860        0x0
 *(.vector_51)
                0x00000001                ASSERT (((_vector_spacing == 0x0) || (SIZEOF (.vector_51) <= (_vector_spacing << 0x5))), function at exception vector 51 too large)

.vector_52      0x9d001880        0x0
 *(.vector_52)
                0x00000001                ASSERT (((_vector_spacing == 0x0) || (SIZEOF (.vector_52) <= (_vector_spacing << 0x5))), function at exception vector 52 too large)

.vector_53      0x9d0018a0        0x0
 *(.vector_53)
                0x00000001                ASSERT (((_vector_spacing == 0x0) || (SIZEOF (.vector_53) <= (_vector_spacing << 0x5))), function at exception vector 53 too large)

.vector_54      0x9d0018c0        0x0
 *(.vector_54)
                0x00000001                ASSERT (((_vector_spacing == 0x0) || (SIZEOF (.vector_54) <= (_vector_spacing << 0x5))), function at exception vector 54 too large)

.vector_55      0x9d0018e0        0x0
 *(.vector_55)
                0x00000001                ASSERT (((_vector_spacing == 0x0) || (SIZEOF (.vector_55) <= (_vector_spacing << 0x5))), function at exception vector 55 too large)

.vector_56      0x9d001900        0x0
 *(.vector_56)
                0x00000001                ASSERT (((_vector_spacing == 0x0) || (SIZEOF (.vector_56) <= (_vector_spacing << 0x5))), function at exception vector 56 too large)

.vector_57      0x9d001920        0x0
 *(.vector_57)
                0x00000001                ASSERT (((_vector_spacing == 0x0) || (SIZEOF (.vector_57) <= (_vector_spacing << 0x5))), function at exception vector 57 too large)

.vector_58      0x9d001940        0x0
 *(.vector_58)
                0x00000001                ASSERT (((_vector_spacing == 0x0) || (SIZEOF (.vector_58) <= (_vector_spacing << 0x5))), function at exception vector 58 too large)

.vector_59      0x9d001960        0x0
 *(.vector_59)
                0x00000001                ASSERT (((_vector_spacing == 0x0) || (SIZEOF (.vector_59) <= (_vector_spacing << 0x5))), function at exception vector 59 too large)

.vector_60      0x9d001980        0x0
 *(.vector_60)
                0x00000001                ASSERT (((_vector_spacing == 0x0) || (SIZEOF (.vector_60) <= (_vector_spacing << 0x5))), function at exception vector 60 too large)

.vector_61      0x9d0019a0        0x0
 *(.vector_61)
                0x00000001                ASSERT (((_vector_spacing == 0x0) || (SIZEOF (.vector_61) <= (_vector_spacing << 0x5))), function at exception vector 61 too large)

.vector_62      0x9d0019c0        0x0
 *(.vector_62)
                0x00000001                ASSERT (((_vector_spacing == 0x0) || (SIZEOF (.vector_62) <= (_vector_spacing << 0x5))), function at exception vector 62 too large)

.vector_63      0x9d0019e0        0x0
 *(.vector_63)
                0x00000001                ASSERT (((_vector_spacing == 0x0) || (SIZEOF (.vector_63) <= (_vector_spacing << 0x5))), function at exception vector 63 too large)

.startup
 *(.startup)

.text           0x9d002000        0x0
 *(.stub .gnu.linkonce.t.*)
 *(.text.*personality*)
 *(.mips16.fn.*)
 *(.mips16.call.*)
 *(.gnu.warning)
                0x9d002000                . = ALIGN (0x4)

.init           0x9d002000        0x0
 *crti.o(.init)
 *crtbegin.o(.init)
 *(EXCLUDE_FILE(*crtn.o *crtend?.o *crtend.o) .init)
 *crtend.o(.init)
 *crtn.o(.init)
                0x9d002000                . = ALIGN (0x4)

.fini           0x9d002000        0x0
 *(.fini)
                0x9d002000                . = ALIGN (0x4)

.preinit_array  0x9d002000        0x0
                0x9d002000                PROVIDE (__preinit_array_start, .)
 *(.preinit_array)
                0x9d002000                PROVIDE (__preinit_array_end, .)
                0x9d002000                . = ALIGN (0x4)

.init_array     0x9d002000        0x0
                0x9d002000                PROVIDE (__init_array_start, .)
 *(SORT(.init_array.*))
 *(.init_array)
                0x9d002000                PROVIDE (__init_array_end, .)
                0x9d002000                . = ALIGN (0x4)

.fini_array     0x9d002000        0x0
                0x9d002000                PROVIDE (__fini_array_start, .)
 *(SORT(.fini_array.*))
 *(.fini_array)
                0x9d002000                PROVIDE (__fini_array_end, .)
                0x9d002000                . = ALIGN (0x4)

.ctors          0x9d002000        0x0
 *crtbegin.o(.ctors)
 *crtbegin?.o(.ctors)
 *(EXCLUDE_FILE(*crtend?.o *crtend.o) .ctors)
 *(SORT(.ctors.*))
 *(.ctors)
                0x9d002000                . = ALIGN (0x4)

.dtors          0x9d002000        0x0
 *crtbegin.o(.dtors)
 *crtbegin?.o(.dtors)
 *(EXCLUDE_FILE(*crtend?.o *crtend.o) .dtors)
 *(SORT(.dtors.*))
 *(.dtors)
                0x9d002000                . = ALIGN (0x4)

.rodata         0x9d002000        0x0
 *(.gnu.linkonce.r.*)
 *(.rodata1)
                0x9d002000                . = ALIGN (0x4)

.sdata2         0x9d000490        0x0
 *(.sdata2 .sdata2.* .gnu.linkonce.s2.*)
                0x9d000490                . = ALIGN (0x4)

.sbss2          0x9d000490        0x0
 *(.sbss2 .sbss2.* .gnu.linkonce.sb2.*)
                0x9d000490                . = ALIGN (0x4)

.eh_frame_hdr
 *(.eh_frame_hdr)
                0x9d000490                . = ALIGN (0x4)

.eh_frame
 *(.eh_frame)
                0x9d000490                . = ALIGN (0x4)

.gcc_except_table
 *(.gcc_except_table .gcc_except_table.*)
                0x9d000490                . = ALIGN (0x4)

.dbg_data       0xa0000000        0x0
                0xa0000000                . = (. + DEFINED (_DEBUGGER)?0x200:0x0)

.jcr            0xa0000000        0x0
 *(.jcr)
                0xa0000000                . = ALIGN (0x4)

.eh_frame
 *(.eh_frame)
                0xa0000000                . = ALIGN (0x4)

.gcc_except_table
 *(.gcc_except_table .gcc_except_table.*)
                0xa0000000                . = ALIGN (0x4)

.persist        0xa0000000        0x0
                0xa0000000                _persist_begin = .
 *(.persist .persist.*)
 *(.pbss .pbss.*)
                0xa0000000                . = ALIGN (0x4)
                0xa0000000                _persist_end = .

.data           0xa0000000        0x0
 *(.gnu.linkonce.d.*)
 *(.data1)
                0xa0000000                . = ALIGN (0x4)
                0xa0000000                . = .
                0xa0007ff0                _gp = (ALIGN (0x10) + 0x7ff0)

.got            0xa0000000        0x0
 *(.got.plt)
 *(.got)
                0xa0000000                . = ALIGN (0x4)

.sdata          0xa0000000       0x18
                0xa0000000                _sdata_begin = .
 *(.sdata .sdata.* .gnu.linkonce.s.*)
 .sdata         0xa0000000        0x4 build/default/production/AD.o
 .sdata         0xa0000004        0x8 build/default/production/RC_Servo.o
 .sdata         0xa000000c        0x8 build/default/production/BCEventChecker.o
 .sdata         0xa0000014        0x4 c:/program files/microchip/xc32/v2.50/bin/bin/../../lib/gcc/pic32mx/4.8.3/../../../../pic32mx/lib\liblega-c.a(_iobdata.o)
                0xa0000014                _libc_data
                0xa0000018                . = ALIGN (0x4)
                0xa0000018                _sdata_end = .

.lit8
 *(.lit8)

.lit4
 *(.lit4)
                0xa0000018                . = ALIGN (0x4)
                0xa0000018                _data_end = .
                0xa0000018                _bss_begin = .

.sbss           0xa0000018      0x134
                0xa0000018                _sbss_begin = .
 *(.dynsbss)
 *(.sbss .sbss.* .gnu.linkonce.sb.*)
 .sbss          0xa0000018       0x24 build/default/production/AD.o
 .sbss          0xa000003c        0xc build/default/production/ES_Framework.o
                0xa000003c                Ready
 .sbss          0xa0000048        0x1 build/default/production/ES_KeyboardInput.o
 *fill*         0xa0000049        0x3 
 .sbss          0xa000004c       0x30 build/default/production/ES_Timers.o
 .sbss          0xa000007c        0x2 build/default/production/LED.o
 *fill*         0xa000007e        0x2 
 .sbss          0xa0000080        0xc build/default/production/pwm.o
 .sbss          0xa000008c       0x14 build/default/production/RC_Servo.o
                0xa000008c                RCenabled
 .sbss          0xa00000a0       0x10 build/default/production/serial.o
 .sbss          0xa00000b0        0xc build/default/production/timers.o
 .sbss          0xa00000bc       0x34 build/default/production/BCEventChecker.o
 .sbss          0xa00000f0        0x1 build/default/production/TESTEventService.o
 *fill*         0xa00000f1        0x3 
 .sbss          0xa00000f4       0x10 build/default/production/OnePointerSubHSM.o
 .sbss          0xa0000104        0x8 build/default/production/TwoPointerSubHSM.o
 .sbss          0xa000010c        0x8 build/default/production/ThreePointerSubHSM.o
 .sbss          0xa0000114       0x18 build/default/production/OPBSubHSM.o
 .sbss          0xa000012c       0x1c build/default/production/BDayFSM.o
                0xa0000135                Side
 .sbss          0xa0000148        0x4 c:/program files/microchip/xc32/v2.50/bin/bin/../../lib/gcc/pic32mx/4.8.3/../../../../pic32mx/lib\liblega-c.a(errno.o)
                0xa0000148                errno
 *(.scommon)
                0xa000014c                _sbss_end = .
                0xa000014c                . = ALIGN (0x4)

.bss            0xa000014c        0x0
 *(.dynbss)
 *(COMMON)
                0xa000014c                . = ALIGN ((. != 0x0)?0x4:0x1)
                0xa000014c                . = ALIGN (0x4)
                0xa000014c                _end = .
                0xa000014c                _bss_end = .
                0x00004000                _bmxdudba_address = 0x4000
                0x00004000                _bmxdupba_address = 0x4000

/DISCARD/
 *(.pdr)
 *(.rel.dyn)
 *(.note.GNU-stack)
 *(.note.GNU-stack)
 *(.gnu_debuglink)
 *(.gnu.lto_*)
 *(.discard)

.gptab.sdata
 *(.gptab.data)
 *(.gptab.sdata)

.gptab.sbss
 *(.gptab.bss)
 *(.gptab.sbss)

.mdebug.abi32   0xa000014c        0x0
 *(.mdebug.abi32)
 .mdebug.abi32  0xa000014c        0x0 build/default/production/AD.o
 .mdebug.abi32  0xa000014c        0x0 build/default/production/BOARD.o
 .mdebug.abi32  0xa000014c        0x0 build/default/production/ES_CheckEvents.o
 .mdebug.abi32  0xa000014c        0x0 build/default/production/ES_Framework.o
 .mdebug.abi32  0xa000014c        0x0 build/default/production/ES_KeyboardInput.o
 .mdebug.abi32  0xa000014c        0x0 build/default/production/ES_PostList.o
 .mdebug.abi32  0xa000014c        0x0 build/default/production/ES_Queue.o
 .mdebug.abi32  0xa000014c        0x0 build/default/production/ES_Timers.o
 .mdebug.abi32  0xa000014c        0x0 build/default/production/IO_Ports.o
 .mdebug.abi32  0xa000014c        0x0 build/default/production/LED.o
 .mdebug.abi32  0xa000014c        0x0 build/default/production/pwm.o
 .mdebug.abi32  0xa000014c        0x0 build/default/production/RC_Servo.o
 .mdebug.abi32  0xa000014c        0x0 build/default/production/serial.o
 .mdebug.abi32  0xa000014c        0x0 build/default/production/timers.o
 .mdebug.abi32  0xa000014c        0x0 build/default/production/BCEventChecker.o
 .mdebug.abi32  0xa000014c        0x0 build/default/production/DigitalTapeSensors.o
 .mdebug.abi32  0xa000014c        0x0 build/default/production/TESTEventService.o
 .mdebug.abi32  0xa000014c        0x0 build/default/production/AnalogTapeSensors.o
 .mdebug.abi32  0xa000014c        0x0 build/default/production/Motor_Driver.o
 .mdebug.abi32  0xa000014c        0x0 build/default/production/Servo.o
 .mdebug.abi32  0xa000014c        0x0 build/default/production/BumperSensor.o
 .mdebug.abi32  0xa000014c        0x0 build/default/production/TrackWire.o
 .mdebug.abi32  0xa000014c        0x0 build/default/production/Beacon.o
 .mdebug.abi32  0xa000014c        0x0 build/default/production/OnePointerSubHSM.o
 .mdebug.abi32  0xa000014c        0x0 build/default/production/TwoPointerSubHSM.o
 .mdebug.abi32  0xa000014c        0x0 build/default/production/ThreePointerSubHSM.o
 .mdebug.abi32  0xa000014c        0x0 build/default/production/OPBSubHSM.o
 .mdebug.abi32  0xa000014c        0x0 build/default/production/BDayFSM.o
 .mdebug.abi32  0xa000014c        0x0 c:/program files/microchip/xc32/v2.50/bin/bin/../../lib/gcc/pic32mx/4.8.3\libgcc.a(floatunsisf.o)
 .mdebug.abi32  0xa000014c        0x0 c:/program files/microchip/xc32/v2.50/bin/bin/../../lib/gcc/pic32mx/4.8.3/../../../../pic32mx/lib\libpic32.a(default-bootstrap-exception-handler.o)
 .mdebug.abi32  0xa000014c        0x0 c:/program files/microchip/xc32/v2.50/bin/bin/../../lib/gcc/pic32mx/4.8.3/../../../../pic32mx/lib\libpic32.a(default-on-reset.o)
 .mdebug.abi32  0xa000014c        0x0 c:/program files/microchip/xc32/v2.50/bin/bin/../../lib/gcc/pic32mx/4.8.3/../../../../pic32mx/lib\libpic32.a(default-on-bootstrap.o)
 .mdebug.abi32  0xa000014c        0x0 c:/program files/microchip/xc32/v2.50/bin/bin/../../lib/gcc/pic32mx/4.8.3/../../../../pic32mx/lib\libpic32.a(default-general-exception-handler.o)
 .mdebug.abi32  0xa000014c        0x0 c:/program files/microchip/xc32/v2.50/bin/bin/../../lib/gcc/pic32mx/4.8.3/../../../../pic32mx/lib\libpic32.a(defaultinterrupt.o)
 .mdebug.abi32  0xa000014c        0x0 c:/program files/microchip/xc32/v2.50/bin/bin/../../lib/gcc/pic32mx/4.8.3/../../../../pic32mx/lib\liblega-c.a(fputs.o)
 .mdebug.abi32  0xa000014c        0x0 c:/program files/microchip/xc32/v2.50/bin/bin/../../lib/gcc/pic32mx/4.8.3/../../../../pic32mx/lib\liblega-c.a(printf_cdnopuxX.eo)
 .mdebug.abi32  0xa000014c        0x0 c:/program files/microchip/xc32/v2.50/bin/bin/../../lib/gcc/pic32mx/4.8.3/../../../../pic32mx/lib\liblega-c.a(strlen.o)
 .mdebug.abi32  0xa000014c        0x0 c:/program files/microchip/xc32/v2.50/bin/bin/../../lib/gcc/pic32mx/4.8.3/../../../../pic32mx/lib\liblega-c.a(_doprnt_cdnopuxX.eo)
 .mdebug.abi32  0xa000014c        0x0 c:/program files/microchip/xc32/v2.50/bin/bin/../../lib/gcc/pic32mx/4.8.3/../../../../pic32mx/lib\liblega-c.a(_iobdata.o)
 .mdebug.abi32  0xa000014c        0x0 c:/program files/microchip/xc32/v2.50/bin/bin/../../lib/gcc/pic32mx/4.8.3/../../../../pic32mx/lib\liblega-c.a(_iobfuncs.o)
 .mdebug.abi32  0xa000014c        0x0 c:/program files/microchip/xc32/v2.50/bin/bin/../../lib/gcc/pic32mx/4.8.3/../../../../pic32mx/lib\liblega-c.a(fputc.o)
 .mdebug.abi32  0xa000014c        0x0 c:/program files/microchip/xc32/v2.50/bin/bin/../../lib/gcc/pic32mx/4.8.3/../../../../pic32mx/lib\liblega-c.a(errno.o)
 .mdebug.abi32  0xa000014c        0x0 c:/program files/microchip/xc32/v2.50/bin/bin/../../lib/gcc/pic32mx/4.8.3\libgcc.a(_udivdi3.o)
 .mdebug.abi32  0xa000014c        0x0 c:/program files/microchip/xc32/v2.50/bin/bin/../../lib/gcc/pic32mx/4.8.3\libgcc.a(_umoddi3.o)
 .mdebug.abi32  0xa000014c        0x0 c:/program files/microchip/xc32/v2.50/bin/bin/../../lib/gcc/pic32mx/4.8.3/../../../../pic32mx/lib\libpic32.a(_mon_write.o)

.mdebug.abiN32
 *(.mdebug.abiN32)

.mdebug.abi64
 *(.mdebug.abi64)

.mdebug.abiO64
 *(.mdebug.abiO64)

.mdebug.eabi32
 *(.mdebug.eabi32)

.mdebug.eabi64
 *(.mdebug.eabi64)

.gcc_compiled_long32
 *(.gcc_compiled_long32)

.gcc_compiled_long64
 *(.gcc_compiled_long64)

.stab
 *(.stab)

.stabstr
 *(.stabstr)

.stab.excl
 *(.stab.excl)

.stab.exclstr
 *(.stab.exclstr)

.stab.index
 *(.stab.index)

.stab.indexstr
 *(.stab.indexstr)

.comment        0x00000000      0x2c3
 *(.comment)
 .comment       0x00000000       0x3c build/default/production/AD.o
                                 0x3d (size before relaxing)
 .comment       0x00000000       0x3d build/default/production/BOARD.o
 .comment       0x00000000       0x3d build/default/production/ES_CheckEvents.o
 .comment       0x00000000       0x3d build/default/production/ES_Framework.o
 .comment       0x00000000       0x3d build/default/production/ES_KeyboardInput.o
 .comment       0x00000000       0x3d build/default/production/ES_PostList.o
 .comment       0x00000000       0x3d build/default/production/ES_Queue.o
 .comment       0x00000000       0x3d build/default/production/ES_Timers.o
 .comment       0x00000000       0x3d build/default/production/IO_Ports.o
 .comment       0x00000000       0x3d build/default/production/LED.o
 .comment       0x00000000       0x3d build/default/production/pwm.o
 .comment       0x00000000       0x3d build/default/production/RC_Servo.o
 .comment       0x00000000       0x3d build/default/production/serial.o
 .comment       0x00000000       0x3d build/default/production/timers.o
 .comment       0x00000000       0x3d build/default/production/BCEventChecker.o
 .comment       0x00000000       0x3d build/default/production/DigitalTapeSensors.o
 .comment       0x00000000       0x3d build/default/production/TESTEventService.o
 .comment       0x00000000       0x3d build/default/production/AnalogTapeSensors.o
 .comment       0x00000000       0x3d build/default/production/Motor_Driver.o
 .comment       0x00000000       0x3d build/default/production/Servo.o
 .comment       0x00000000       0x3d build/default/production/BumperSensor.o
 .comment       0x00000000       0x3d build/default/production/TrackWire.o
 .comment       0x00000000       0x3d build/default/production/Beacon.o
 .comment       0x00000000       0x3d build/default/production/OnePointerSubHSM.o
 .comment       0x00000000       0x3d build/default/production/TwoPointerSubHSM.o
 .comment       0x00000000       0x3d build/default/production/ThreePointerSubHSM.o
 .comment       0x00000000       0x3d build/default/production/OPBSubHSM.o
 .comment       0x00000000       0x3d build/default/production/BDayFSM.o
 .comment       0x00000000       0x3d c:/program files/microchip/xc32/v2.50/bin/bin/../../lib/gcc/pic32mx/4.8.3\libgcc.a(floatunsisf.o)
 .comment       0x00000000       0x3d c:/program files/microchip/xc32/v2.50/bin/bin/../../lib/gcc/pic32mx/4.8.3/../../../../pic32mx/lib\libpic32.a(default-bootstrap-exception-handler.o)
 .comment       0x00000000       0x3d c:/program files/microchip/xc32/v2.50/bin/bin/../../lib/gcc/pic32mx/4.8.3/../../../../pic32mx/lib\libpic32.a(default-on-reset.o)
 .comment       0x00000000       0x3d c:/program files/microchip/xc32/v2.50/bin/bin/../../lib/gcc/pic32mx/4.8.3/../../../../pic32mx/lib\libpic32.a(default-on-bootstrap.o)
 .comment       0x00000000       0x3d c:/program files/microchip/xc32/v2.50/bin/bin/../../lib/gcc/pic32mx/4.8.3/../../../../pic32mx/lib\libpic32.a(default-general-exception-handler.o)
 .comment       0x00000000       0x3d c:/program files/microchip/xc32/v2.50/bin/bin/../../lib/gcc/pic32mx/4.8.3/../../../../pic32mx/lib\libpic32.a(defaultinterrupt.o)
 .comment       0x0000003c       0x50 c:/program files/microchip/xc32/v2.50/bin/bin/../../lib/gcc/pic32mx/4.8.3/../../../../pic32mx/lib\liblega-c.a(fputs.o)
                                 0x8d (size before relaxing)
 .comment       0x0000008c       0x51 c:/program files/microchip/xc32/v2.50/bin/bin/../../lib/gcc/pic32mx/4.8.3/../../../../pic32mx/lib\liblega-c.a(printf_cdnopuxX.eo)
                                 0x8e (size before relaxing)
 .comment       0x000000dd       0x4f c:/program files/microchip/xc32/v2.50/bin/bin/../../lib/gcc/pic32mx/4.8.3/../../../../pic32mx/lib\liblega-c.a(strlen.o)
                                 0x8c (size before relaxing)
 .comment       0x0000012c       0x52 c:/program files/microchip/xc32/v2.50/bin/bin/../../lib/gcc/pic32mx/4.8.3/../../../../pic32mx/lib\liblega-c.a(_doprnt_cdnopuxX.eo)
                                 0x8f (size before relaxing)
 .comment       0x0000017e       0x53 c:/program files/microchip/xc32/v2.50/bin/bin/../../lib/gcc/pic32mx/4.8.3/../../../../pic32mx/lib\liblega-c.a(_iobdata.o)
                                 0x90 (size before relaxing)
 .comment       0x000001d1       0x54 c:/program files/microchip/xc32/v2.50/bin/bin/../../lib/gcc/pic32mx/4.8.3/../../../../pic32mx/lib\liblega-c.a(_iobfuncs.o)
                                 0x91 (size before relaxing)
 .comment       0x00000225       0x50 c:/program files/microchip/xc32/v2.50/bin/bin/../../lib/gcc/pic32mx/4.8.3/../../../../pic32mx/lib\liblega-c.a(fputc.o)
                                 0x8d (size before relaxing)
 .comment       0x00000275       0x4e c:/program files/microchip/xc32/v2.50/bin/bin/../../lib/gcc/pic32mx/4.8.3/../../../../pic32mx/lib\liblega-c.a(errno.o)
                                 0x8b (size before relaxing)
 .comment       0x00000000       0x3d c:/program files/microchip/xc32/v2.50/bin/bin/../../lib/gcc/pic32mx/4.8.3\libgcc.a(_udivdi3.o)
 .comment       0x00000000       0x3d c:/program files/microchip/xc32/v2.50/bin/bin/../../lib/gcc/pic32mx/4.8.3\libgcc.a(_umoddi3.o)
 .comment       0x00000000       0x3d c:/program files/microchip/xc32/v2.50/bin/bin/../../lib/gcc/pic32mx/4.8.3/../../../../pic32mx/lib\libpic32.a(_mon_write.o)

.debug
 *(.debug)

.line
 *(.line)

.debug_srcinfo
 *(.debug_srcinfo)

.debug_sfnames
 *(.debug_sfnames)

.debug_aranges  0x00000000      0x498
 *(.debug_aranges)
 .debug_aranges
                0x00000000       0x20 build/default/production/AD.o
 .debug_aranges
                0x00000020       0x20 build/default/production/BOARD.o
 .debug_aranges
                0x00000040       0x20 build/default/production/ES_CheckEvents.o
 .debug_aranges
                0x00000060       0x20 build/default/production/ES_Framework.o
 .debug_aranges
                0x00000080       0x20 build/default/production/ES_KeyboardInput.o
 .debug_aranges
                0x000000a0       0x18 build/default/production/ES_PostList.o
 .debug_aranges
                0x000000b8       0x20 build/default/production/ES_Queue.o
 .debug_aranges
                0x000000d8       0x20 build/default/production/ES_Timers.o
 .debug_aranges
                0x000000f8       0x20 build/default/production/IO_Ports.o
 .debug_aranges
                0x00000118       0x20 build/default/production/LED.o
 .debug_aranges
                0x00000138       0x20 build/default/production/pwm.o
 .debug_aranges
                0x00000158       0x20 build/default/production/RC_Servo.o
 .debug_aranges
                0x00000178       0x20 build/default/production/serial.o
 .debug_aranges
                0x00000198       0x20 build/default/production/timers.o
 .debug_aranges
                0x000001b8       0x20 build/default/production/BCEventChecker.o
 .debug_aranges
                0x000001d8       0x20 build/default/production/DigitalTapeSensors.o
 .debug_aranges
                0x000001f8       0x20 build/default/production/TESTEventService.o
 .debug_aranges
                0x00000218       0x20 build/default/production/AnalogTapeSensors.o
 .debug_aranges
                0x00000238       0x20 build/default/production/Motor_Driver.o
 .debug_aranges
                0x00000258       0x20 build/default/production/Servo.o
 .debug_aranges
                0x00000278       0x20 build/default/production/BumperSensor.o
 .debug_aranges
                0x00000298       0x20 build/default/production/TrackWire.o
 .debug_aranges
                0x000002b8       0x20 build/default/production/Beacon.o
 .debug_aranges
                0x000002d8       0x20 build/default/production/OnePointerSubHSM.o
 .debug_aranges
                0x000002f8       0x20 build/default/production/TwoPointerSubHSM.o
 .debug_aranges
                0x00000318       0x20 build/default/production/ThreePointerSubHSM.o
 .debug_aranges
                0x00000338       0x20 build/default/production/OPBSubHSM.o
 .debug_aranges
                0x00000358       0x20 build/default/production/BDayFSM.o
 .debug_aranges
                0x00000378       0x20 c:/program files/microchip/xc32/v2.50/bin/bin/../../lib/gcc/pic32mx/4.8.3\libgcc.a(floatunsisf.o)
 .debug_aranges
                0x00000398       0x20 c:/program files/microchip/xc32/v2.50/bin/bin/../../lib/gcc/pic32mx/4.8.3/../../../../pic32mx/lib\libpic32.a(default-bootstrap-exception-handler.o)
 .debug_aranges
                0x000003b8       0x20 c:/program files/microchip/xc32/v2.50/bin/bin/../../lib/gcc/pic32mx/4.8.3/../../../../pic32mx/lib\libpic32.a(default-on-reset.o)
 .debug_aranges
                0x000003d8       0x20 c:/program files/microchip/xc32/v2.50/bin/bin/../../lib/gcc/pic32mx/4.8.3/../../../../pic32mx/lib\libpic32.a(default-on-bootstrap.o)
 .debug_aranges
                0x000003f8       0x20 c:/program files/microchip/xc32/v2.50/bin/bin/../../lib/gcc/pic32mx/4.8.3/../../../../pic32mx/lib\libpic32.a(default-general-exception-handler.o)
 .debug_aranges
                0x00000418       0x20 c:/program files/microchip/xc32/v2.50/bin/bin/../../lib/gcc/pic32mx/4.8.3/../../../../pic32mx/lib\libpic32.a(defaultinterrupt.o)
 .debug_aranges
                0x00000438       0x20 c:/program files/microchip/xc32/v2.50/bin/bin/../../lib/gcc/pic32mx/4.8.3\libgcc.a(_udivdi3.o)
 .debug_aranges
                0x00000458       0x20 c:/program files/microchip/xc32/v2.50/bin/bin/../../lib/gcc/pic32mx/4.8.3\libgcc.a(_umoddi3.o)
 .debug_aranges
                0x00000478       0x20 c:/program files/microchip/xc32/v2.50/bin/bin/../../lib/gcc/pic32mx/4.8.3/../../../../pic32mx/lib\libpic32.a(_mon_write.o)

.debug_pubnames
 *(.debug_pubnames)

.debug_info     0x00000000     0xde59
 *(.debug_info .gnu.linkonce.wi.*)
 .debug_info    0x00000000     0x100a build/default/production/AD.o
 .debug_info    0x0000100a      0x292 build/default/production/BOARD.o
 .debug_info    0x0000129c      0x243 build/default/production/ES_CheckEvents.o
 .debug_info    0x000014df      0x859 build/default/production/ES_Framework.o
 .debug_info    0x00001d38      0x5b2 build/default/production/ES_KeyboardInput.o
 .debug_info    0x000022ea      0x175 build/default/production/ES_PostList.o
 .debug_info    0x0000245f      0x653 build/default/production/ES_Queue.o
 .debug_info    0x00002ab2      0xf7c build/default/production/ES_Timers.o
 .debug_info    0x00003a2e      0xeff build/default/production/IO_Ports.o
 .debug_info    0x0000492d      0xc65 build/default/production/LED.o
 .debug_info    0x00005592      0x707 build/default/production/pwm.o
 .debug_info    0x00005c99      0xf34 build/default/production/RC_Servo.o
 .debug_info    0x00006bcd      0xf4a build/default/production/serial.o
 .debug_info    0x00007b17      0xbef build/default/production/timers.o
 .debug_info    0x00008706      0xafe build/default/production/BCEventChecker.o
 .debug_info    0x00009204      0x45e build/default/production/DigitalTapeSensors.o
 .debug_info    0x00009662      0x57c build/default/production/TESTEventService.o
 .debug_info    0x00009bde      0x253 build/default/production/AnalogTapeSensors.o
 .debug_info    0x00009e31      0x2e7 build/default/production/Motor_Driver.o
 .debug_info    0x0000a118      0x1ce build/default/production/Servo.o
 .debug_info    0x0000a2e6      0x21a build/default/production/BumperSensor.o
 .debug_info    0x0000a500      0x2cf build/default/production/TrackWire.o
 .debug_info    0x0000a7cf      0x1b7 build/default/production/Beacon.o
 .debug_info    0x0000a986      0x5dc build/default/production/OnePointerSubHSM.o
 .debug_info    0x0000af62      0x604 build/default/production/TwoPointerSubHSM.o
 .debug_info    0x0000b566      0x5ba build/default/production/ThreePointerSubHSM.o
 .debug_info    0x0000bb20      0x61b build/default/production/OPBSubHSM.o
 .debug_info    0x0000c13b      0x7ec build/default/production/BDayFSM.o
 .debug_info    0x0000c927      0x129 c:/program files/microchip/xc32/v2.50/bin/bin/../../lib/gcc/pic32mx/4.8.3\libgcc.a(floatunsisf.o)
 .debug_info    0x0000ca50       0xf4 c:/program files/microchip/xc32/v2.50/bin/bin/../../lib/gcc/pic32mx/4.8.3/../../../../pic32mx/lib\libpic32.a(default-bootstrap-exception-handler.o)
 .debug_info    0x0000cb44       0xcd c:/program files/microchip/xc32/v2.50/bin/bin/../../lib/gcc/pic32mx/4.8.3/../../../../pic32mx/lib\libpic32.a(default-on-reset.o)
 .debug_info    0x0000cc11       0xd5 c:/program files/microchip/xc32/v2.50/bin/bin/../../lib/gcc/pic32mx/4.8.3/../../../../pic32mx/lib\libpic32.a(default-on-bootstrap.o)
 .debug_info    0x0000cce6       0xf0 c:/program files/microchip/xc32/v2.50/bin/bin/../../lib/gcc/pic32mx/4.8.3/../../../../pic32mx/lib\libpic32.a(default-general-exception-handler.o)
 .debug_info    0x0000cdd6       0xe7 c:/program files/microchip/xc32/v2.50/bin/bin/../../lib/gcc/pic32mx/4.8.3/../../../../pic32mx/lib\libpic32.a(defaultinterrupt.o)
 .debug_info    0x0000cebd      0x74b c:/program files/microchip/xc32/v2.50/bin/bin/../../lib/gcc/pic32mx/4.8.3\libgcc.a(_udivdi3.o)
 .debug_info    0x0000d608      0x788 c:/program files/microchip/xc32/v2.50/bin/bin/../../lib/gcc/pic32mx/4.8.3\libgcc.a(_umoddi3.o)
 .debug_info    0x0000dd90       0xc9 c:/program files/microchip/xc32/v2.50/bin/bin/../../lib/gcc/pic32mx/4.8.3/../../../../pic32mx/lib\libpic32.a(_mon_write.o)

.debug_abbrev   0x00000000     0x21ee
 *(.debug_abbrev)
 .debug_abbrev  0x00000000      0x17a build/default/production/AD.o
 .debug_abbrev  0x0000017a       0x99 build/default/production/BOARD.o
 .debug_abbrev  0x00000213       0xa3 build/default/production/ES_CheckEvents.o
 .debug_abbrev  0x000002b6      0x169 build/default/production/ES_Framework.o
 .debug_abbrev  0x0000041f      0x11d build/default/production/ES_KeyboardInput.o
 .debug_abbrev  0x0000053c       0x4c build/default/production/ES_PostList.o
 .debug_abbrev  0x00000588       0xf6 build/default/production/ES_Queue.o
 .debug_abbrev  0x0000067e      0x1ea build/default/production/ES_Timers.o
 .debug_abbrev  0x00000868      0x198 build/default/production/IO_Ports.o
 .debug_abbrev  0x00000a00      0x1ca build/default/production/LED.o
 .debug_abbrev  0x00000bca      0x1a8 build/default/production/pwm.o
 .debug_abbrev  0x00000d72      0x1e0 build/default/production/RC_Servo.o
 .debug_abbrev  0x00000f52      0x191 build/default/production/serial.o
 .debug_abbrev  0x000010e3      0x133 build/default/production/timers.o
 .debug_abbrev  0x00001216      0x1a0 build/default/production/BCEventChecker.o
 .debug_abbrev  0x000013b6       0xef build/default/production/DigitalTapeSensors.o
 .debug_abbrev  0x000014a5       0xe9 build/default/production/TESTEventService.o
 .debug_abbrev  0x0000158e       0x77 build/default/production/AnalogTapeSensors.o
 .debug_abbrev  0x00001605       0xb0 build/default/production/Motor_Driver.o
 .debug_abbrev  0x000016b5       0x82 build/default/production/Servo.o
 .debug_abbrev  0x00001737       0x93 build/default/production/BumperSensor.o
 .debug_abbrev  0x000017ca       0xef build/default/production/TrackWire.o
 .debug_abbrev  0x000018b9       0x6a build/default/production/Beacon.o
 .debug_abbrev  0x00001923       0xf6 build/default/production/OnePointerSubHSM.o
 .debug_abbrev  0x00001a19      0x120 build/default/production/TwoPointerSubHSM.o
 .debug_abbrev  0x00001b39       0xf6 build/default/production/ThreePointerSubHSM.o
 .debug_abbrev  0x00001c2f       0xf6 build/default/production/OPBSubHSM.o
 .debug_abbrev  0x00001d25       0xf8 build/default/production/BDayFSM.o
 .debug_abbrev  0x00001e1d       0x62 c:/program files/microchip/xc32/v2.50/bin/bin/../../lib/gcc/pic32mx/4.8.3\libgcc.a(floatunsisf.o)
 .debug_abbrev  0x00001e7f       0x28 c:/program files/microchip/xc32/v2.50/bin/bin/../../lib/gcc/pic32mx/4.8.3/../../../../pic32mx/lib\libpic32.a(default-bootstrap-exception-handler.o)
 .debug_abbrev  0x00001ea7       0x28 c:/program files/microchip/xc32/v2.50/bin/bin/../../lib/gcc/pic32mx/4.8.3/../../../../pic32mx/lib\libpic32.a(default-on-reset.o)
 .debug_abbrev  0x00001ecf       0x28 c:/program files/microchip/xc32/v2.50/bin/bin/../../lib/gcc/pic32mx/4.8.3/../../../../pic32mx/lib\libpic32.a(default-on-bootstrap.o)
 .debug_abbrev  0x00001ef7       0x28 c:/program files/microchip/xc32/v2.50/bin/bin/../../lib/gcc/pic32mx/4.8.3/../../../../pic32mx/lib\libpic32.a(default-general-exception-handler.o)
 .debug_abbrev  0x00001f1f       0x28 c:/program files/microchip/xc32/v2.50/bin/bin/../../lib/gcc/pic32mx/4.8.3/../../../../pic32mx/lib\libpic32.a(defaultinterrupt.o)
 .debug_abbrev  0x00001f47      0x138 c:/program files/microchip/xc32/v2.50/bin/bin/../../lib/gcc/pic32mx/4.8.3\libgcc.a(_udivdi3.o)
 .debug_abbrev  0x0000207f      0x147 c:/program files/microchip/xc32/v2.50/bin/bin/../../lib/gcc/pic32mx/4.8.3\libgcc.a(_umoddi3.o)
 .debug_abbrev  0x000021c6       0x28 c:/program files/microchip/xc32/v2.50/bin/bin/../../lib/gcc/pic32mx/4.8.3/../../../../pic32mx/lib\libpic32.a(_mon_write.o)

.debug_line     0x00000000     0x3634
 *(.debug_line)
 .debug_line    0x00000000      0x27a build/default/production/AD.o
 .debug_line    0x0000027a      0x15a build/default/production/BOARD.o
 .debug_line    0x000003d4      0x153 build/default/production/ES_CheckEvents.o
 .debug_line    0x00000527      0x1cd build/default/production/ES_Framework.o
 .debug_line    0x000006f4      0x16c build/default/production/ES_KeyboardInput.o
 .debug_line    0x00000860       0x71 build/default/production/ES_PostList.o
 .debug_line    0x000008d1      0x17e build/default/production/ES_Queue.o
 .debug_line    0x00000a4f      0x1f4 build/default/production/ES_Timers.o
 .debug_line    0x00000c43      0x224 build/default/production/IO_Ports.o
 .debug_line    0x00000e67      0x2f8 build/default/production/LED.o
 .debug_line    0x0000115f      0x23f build/default/production/pwm.o
 .debug_line    0x0000139e      0x2b0 build/default/production/RC_Servo.o
 .debug_line    0x0000164e      0x217 build/default/production/serial.o
 .debug_line    0x00001865      0x1bd build/default/production/timers.o
 .debug_line    0x00001a22      0x27c build/default/production/BCEventChecker.o
 .debug_line    0x00001c9e      0x161 build/default/production/DigitalTapeSensors.o
 .debug_line    0x00001dff      0x19f build/default/production/TESTEventService.o
 .debug_line    0x00001f9e       0xfe build/default/production/AnalogTapeSensors.o
 .debug_line    0x0000209c      0x195 build/default/production/Motor_Driver.o
 .debug_line    0x00002231       0x98 build/default/production/Servo.o
 .debug_line    0x000022c9       0xf9 build/default/production/BumperSensor.o
 .debug_line    0x000023c2      0x156 build/default/production/TrackWire.o
 .debug_line    0x00002518       0x93 build/default/production/Beacon.o
 .debug_line    0x000025ab      0x1b6 build/default/production/OnePointerSubHSM.o
 .debug_line    0x00002761      0x1a9 build/default/production/TwoPointerSubHSM.o
 .debug_line    0x0000290a      0x1a3 build/default/production/ThreePointerSubHSM.o
 .debug_line    0x00002aad      0x1a6 build/default/production/OPBSubHSM.o
 .debug_line    0x00002c53      0x3a7 build/default/production/BDayFSM.o
 .debug_line    0x00002ffa       0x94 c:/program files/microchip/xc32/v2.50/bin/bin/../../lib/gcc/pic32mx/4.8.3\libgcc.a(floatunsisf.o)
 .debug_line    0x0000308e       0xa6 c:/program files/microchip/xc32/v2.50/bin/bin/../../lib/gcc/pic32mx/4.8.3/../../../../pic32mx/lib\libpic32.a(default-bootstrap-exception-handler.o)
 .debug_line    0x00003134       0x93 c:/program files/microchip/xc32/v2.50/bin/bin/../../lib/gcc/pic32mx/4.8.3/../../../../pic32mx/lib\libpic32.a(default-on-reset.o)
 .debug_line    0x000031c7       0x97 c:/program files/microchip/xc32/v2.50/bin/bin/../../lib/gcc/pic32mx/4.8.3/../../../../pic32mx/lib\libpic32.a(default-on-bootstrap.o)
 .debug_line    0x0000325e       0xa4 c:/program files/microchip/xc32/v2.50/bin/bin/../../lib/gcc/pic32mx/4.8.3/../../../../pic32mx/lib\libpic32.a(default-general-exception-handler.o)
 .debug_line    0x00003302       0xa5 c:/program files/microchip/xc32/v2.50/bin/bin/../../lib/gcc/pic32mx/4.8.3/../../../../pic32mx/lib\libpic32.a(defaultinterrupt.o)
 .debug_line    0x000033a7       0xf7 c:/program files/microchip/xc32/v2.50/bin/bin/../../lib/gcc/pic32mx/4.8.3\libgcc.a(_udivdi3.o)
 .debug_line    0x0000349e      0x109 c:/program files/microchip/xc32/v2.50/bin/bin/../../lib/gcc/pic32mx/4.8.3\libgcc.a(_umoddi3.o)
 .debug_line    0x000035a7       0x8d c:/program files/microchip/xc32/v2.50/bin/bin/../../lib/gcc/pic32mx/4.8.3/../../../../pic32mx/lib\libpic32.a(_mon_write.o)

.debug_frame    0x00000000     0x1704
 *(.debug_frame)
 .debug_frame   0x00000000      0x180 build/default/production/AD.o
 .debug_frame   0x00000180       0x74 build/default/production/BOARD.o
 .debug_frame   0x000001f4       0x30 build/default/production/ES_CheckEvents.o
 .debug_frame   0x00000224       0xc0 build/default/production/ES_Framework.o
 .debug_frame   0x000002e4       0x98 build/default/production/ES_KeyboardInput.o
 .debug_frame   0x0000037c       0x90 build/default/production/ES_Queue.o
 .debug_frame   0x0000040c      0x13c build/default/production/ES_Timers.o
 .debug_frame   0x00000548      0x200 build/default/production/IO_Ports.o
 .debug_frame   0x00000748      0x170 build/default/production/LED.o
 .debug_frame   0x000008b8      0x148 build/default/production/pwm.o
 .debug_frame   0x00000a00      0x1e8 build/default/production/RC_Servo.o
 .debug_frame   0x00000be8      0x14c build/default/production/serial.o
 .debug_frame   0x00000d34      0x164 build/default/production/timers.o
 .debug_frame   0x00000e98      0x124 build/default/production/BCEventChecker.o
 .debug_frame   0x00000fbc       0x54 build/default/production/DigitalTapeSensors.o
 .debug_frame   0x00001010       0x7c build/default/production/TESTEventService.o
 .debug_frame   0x0000108c       0xc4 build/default/production/AnalogTapeSensors.o
 .debug_frame   0x00001150      0x10c build/default/production/Motor_Driver.o
 .debug_frame   0x0000125c       0x7c build/default/production/Servo.o
 .debug_frame   0x000012d8       0x58 build/default/production/BumperSensor.o
 .debug_frame   0x00001330       0x54 build/default/production/TrackWire.o
 .debug_frame   0x00001384       0x58 build/default/production/Beacon.o
 .debug_frame   0x000013dc       0x54 build/default/production/OnePointerSubHSM.o
 .debug_frame   0x00001430       0x54 build/default/production/TwoPointerSubHSM.o
 .debug_frame   0x00001484       0x54 build/default/production/ThreePointerSubHSM.o
 .debug_frame   0x000014d8       0x58 build/default/production/OPBSubHSM.o
 .debug_frame   0x00001530       0x7c build/default/production/BDayFSM.o
 .debug_frame   0x000015ac       0x30 c:/program files/microchip/xc32/v2.50/bin/bin/../../lib/gcc/pic32mx/4.8.3\libgcc.a(floatunsisf.o)
 .debug_frame   0x000015dc       0x2c c:/program files/microchip/xc32/v2.50/bin/bin/../../lib/gcc/pic32mx/4.8.3/../../../../pic32mx/lib\libpic32.a(default-bootstrap-exception-handler.o)
 .debug_frame   0x00001608       0x20 c:/program files/microchip/xc32/v2.50/bin/bin/../../lib/gcc/pic32mx/4.8.3/../../../../pic32mx/lib\libpic32.a(default-on-reset.o)
 .debug_frame   0x00001628       0x20 c:/program files/microchip/xc32/v2.50/bin/bin/../../lib/gcc/pic32mx/4.8.3/../../../../pic32mx/lib\libpic32.a(default-on-bootstrap.o)
 .debug_frame   0x00001648       0x2c c:/program files/microchip/xc32/v2.50/bin/bin/../../lib/gcc/pic32mx/4.8.3/../../../../pic32mx/lib\libpic32.a(default-general-exception-handler.o)
 .debug_frame   0x00001674       0x20 c:/program files/microchip/xc32/v2.50/bin/bin/../../lib/gcc/pic32mx/4.8.3/../../../../pic32mx/lib\libpic32.a(defaultinterrupt.o)
 .debug_frame   0x00001694       0x20 c:/program files/microchip/xc32/v2.50/bin/bin/../../lib/gcc/pic32mx/4.8.3\libgcc.a(_udivdi3.o)
 .debug_frame   0x000016b4       0x20 c:/program files/microchip/xc32/v2.50/bin/bin/../../lib/gcc/pic32mx/4.8.3\libgcc.a(_umoddi3.o)
 .debug_frame   0x000016d4       0x30 c:/program files/microchip/xc32/v2.50/bin/bin/../../lib/gcc/pic32mx/4.8.3/../../../../pic32mx/lib\libpic32.a(_mon_write.o)

.debug_str      0x00000000       0xac
 *(.debug_str)
 .debug_str     0x00000000        0x0 build/default/production/AD.o
 .debug_str     0x00000000        0x0 build/default/production/BOARD.o
 .debug_str     0x00000000        0x0 build/default/production/ES_CheckEvents.o
 .debug_str     0x00000000        0xa build/default/production/ES_Framework.o
 .debug_str     0x0000000a        0xa build/default/production/ES_KeyboardInput.o
 .debug_str     0x00000014        0x0 build/default/production/ES_PostList.o
 .debug_str     0x00000014       0x12 build/default/production/ES_Queue.o
 .debug_str     0x00000026        0x9 build/default/production/ES_Timers.o
 .debug_str     0x0000002f        0xd build/default/production/IO_Ports.o
 .debug_str     0x0000003c        0x8 build/default/production/LED.o
 .debug_str     0x00000044       0x26 build/default/production/pwm.o
 .debug_str     0x0000006a        0x7 build/default/production/RC_Servo.o
 .debug_str     0x00000071        0x0 build/default/production/serial.o
 .debug_str     0x00000071        0x0 build/default/production/timers.o
 .debug_str     0x00000071       0x27 build/default/production/BCEventChecker.o
 .debug_str     0x00000098        0x0 build/default/production/DigitalTapeSensors.o
 .debug_str     0x00000098        0xa build/default/production/TESTEventService.o
 .debug_str     0x000000a2        0x0 build/default/production/AnalogTapeSensors.o
 .debug_str     0x000000a2        0x0 build/default/production/Motor_Driver.o
 .debug_str     0x000000a2        0x0 build/default/production/Servo.o
 .debug_str     0x000000a2        0x0 build/default/production/BumperSensor.o
 .debug_str     0x000000a2        0x0 build/default/production/TrackWire.o
 .debug_str     0x000000a2        0x0 build/default/production/Beacon.o
 .debug_str     0x000000a2        0x0 build/default/production/OnePointerSubHSM.o
 .debug_str     0x000000a2        0x0 build/default/production/TwoPointerSubHSM.o
 .debug_str     0x000000a2        0x0 build/default/production/ThreePointerSubHSM.o
 .debug_str     0x000000a2        0x0 build/default/production/OPBSubHSM.o
 .debug_str     0x000000a2        0xa build/default/production/BDayFSM.o
 .debug_str     0x000000ac        0x0 c:/program files/microchip/xc32/v2.50/bin/bin/../../lib/gcc/pic32mx/4.8.3\libgcc.a(floatunsisf.o)
 .debug_str     0x000000ac        0x0 c:/program files/microchip/xc32/v2.50/bin/bin/../../lib/gcc/pic32mx/4.8.3/../../../../pic32mx/lib\libpic32.a(default-bootstrap-exception-handler.o)
 .debug_str     0x000000ac        0x0 c:/program files/microchip/xc32/v2.50/bin/bin/../../lib/gcc/pic32mx/4.8.3/../../../../pic32mx/lib\libpic32.a(default-on-reset.o)
 .debug_str     0x000000ac        0x0 c:/program files/microchip/xc32/v2.50/bin/bin/../../lib/gcc/pic32mx/4.8.3/../../../../pic32mx/lib\libpic32.a(default-on-bootstrap.o)
 .debug_str     0x000000ac        0x0 c:/program files/microchip/xc32/v2.50/bin/bin/../../lib/gcc/pic32mx/4.8.3/../../../../pic32mx/lib\libpic32.a(default-general-exception-handler.o)
 .debug_str     0x000000ac        0x0 c:/program files/microchip/xc32/v2.50/bin/bin/../../lib/gcc/pic32mx/4.8.3/../../../../pic32mx/lib\libpic32.a(defaultinterrupt.o)
 .debug_str     0x000000ac        0x0 c:/program files/microchip/xc32/v2.50/bin/bin/../../lib/gcc/pic32mx/4.8.3\libgcc.a(_udivdi3.o)
 .debug_str     0x000000ac        0x0 c:/program files/microchip/xc32/v2.50/bin/bin/../../lib/gcc/pic32mx/4.8.3\libgcc.a(_umoddi3.o)
 .debug_str     0x000000ac        0x0 c:/program files/microchip/xc32/v2.50/bin/bin/../../lib/gcc/pic32mx/4.8.3/../../../../pic32mx/lib\libpic32.a(_mon_write.o)

.debug_loc      0x00000000     0x159f
 *(.debug_loc)
 .debug_loc     0x00000000       0x74 c:/program files/microchip/xc32/v2.50/bin/bin/../../lib/gcc/pic32mx/4.8.3\libgcc.a(floatunsisf.o)
 .debug_loc     0x00000074       0x2c c:/program files/microchip/xc32/v2.50/bin/bin/../../lib/gcc/pic32mx/4.8.3/../../../../pic32mx/lib\libpic32.a(default-bootstrap-exception-handler.o)
 .debug_loc     0x000000a0       0x2c c:/program files/microchip/xc32/v2.50/bin/bin/../../lib/gcc/pic32mx/4.8.3/../../../../pic32mx/lib\libpic32.a(default-general-exception-handler.o)
 .debug_loc     0x000000cc      0xa6a c:/program files/microchip/xc32/v2.50/bin/bin/../../lib/gcc/pic32mx/4.8.3\libgcc.a(_udivdi3.o)
 .debug_loc     0x00000b36      0xa3d c:/program files/microchip/xc32/v2.50/bin/bin/../../lib/gcc/pic32mx/4.8.3\libgcc.a(_umoddi3.o)
 .debug_loc     0x00001573       0x2c c:/program files/microchip/xc32/v2.50/bin/bin/../../lib/gcc/pic32mx/4.8.3/../../../../pic32mx/lib\libpic32.a(_mon_write.o)

.debug_macinfo
 *(.debug_macinfo)

.debug_weaknames
 *(.debug_weaknames)

.debug_funcnames
 *(.debug_funcnames)

.debug_typenames
 *(.debug_typenames)

.debug_varnames
 *(.debug_varnames)

.debug_pubtypes
 *(.debug_pubtypes)

.debug_ranges   0x00000000      0x1d0
 *(.debug_ranges)
 .debug_ranges  0x00000000       0x10 c:/program files/microchip/xc32/v2.50/bin/bin/../../lib/gcc/pic32mx/4.8.3/../../../../pic32mx/lib\libpic32.a(default-bootstrap-exception-handler.o)
 .debug_ranges  0x00000010       0x10 c:/program files/microchip/xc32/v2.50/bin/bin/../../lib/gcc/pic32mx/4.8.3/../../../../pic32mx/lib\libpic32.a(default-on-reset.o)
 .debug_ranges  0x00000020       0x10 c:/program files/microchip/xc32/v2.50/bin/bin/../../lib/gcc/pic32mx/4.8.3/../../../../pic32mx/lib\libpic32.a(default-on-bootstrap.o)
 .debug_ranges  0x00000030       0x10 c:/program files/microchip/xc32/v2.50/bin/bin/../../lib/gcc/pic32mx/4.8.3/../../../../pic32mx/lib\libpic32.a(default-general-exception-handler.o)
 .debug_ranges  0x00000040       0x10 c:/program files/microchip/xc32/v2.50/bin/bin/../../lib/gcc/pic32mx/4.8.3/../../../../pic32mx/lib\libpic32.a(defaultinterrupt.o)
 .debug_ranges  0x00000050       0x98 c:/program files/microchip/xc32/v2.50/bin/bin/../../lib/gcc/pic32mx/4.8.3\libgcc.a(_udivdi3.o)
 .debug_ranges  0x000000e8       0xd8 c:/program files/microchip/xc32/v2.50/bin/bin/../../lib/gcc/pic32mx/4.8.3\libgcc.a(_umoddi3.o)
 .debug_ranges  0x000001c0       0x10 c:/program files/microchip/xc32/v2.50/bin/bin/../../lib/gcc/pic32mx/4.8.3/../../../../pic32mx/lib\libpic32.a(_mon_write.o)

.gnu.attributes
                0x00000000       0x10
 *(.gnu.attributes)
 .gnu.attributes
                0x00000000       0x10 build/default/production/AD.o
 .gnu.attributes
                0x00000010       0x10 build/default/production/BOARD.o
 .gnu.attributes
                0x00000020       0x10 build/default/production/ES_CheckEvents.o
 .gnu.attributes
                0x00000030       0x10 build/default/production/ES_Framework.o
 .gnu.attributes
                0x00000040       0x10 build/default/production/ES_KeyboardInput.o
 .gnu.attributes
                0x00000050       0x10 build/default/production/ES_PostList.o
 .gnu.attributes
                0x00000060       0x10 build/default/production/ES_Queue.o
 .gnu.attributes
                0x00000070       0x10 build/default/production/ES_Timers.o
 .gnu.attributes
                0x00000080       0x10 build/default/production/IO_Ports.o
 .gnu.attributes
                0x00000090       0x10 build/default/production/LED.o
 .gnu.attributes
                0x000000a0       0x10 build/default/production/pwm.o
 .gnu.attributes
                0x000000b0       0x10 build/default/production/RC_Servo.o
 .gnu.attributes
                0x000000c0       0x10 build/default/production/serial.o
 .gnu.attributes
                0x000000d0       0x10 build/default/production/timers.o
 .gnu.attributes
                0x000000e0       0x10 build/default/production/BCEventChecker.o
 .gnu.attributes
                0x000000f0       0x10 build/default/production/DigitalTapeSensors.o
 .gnu.attributes
                0x00000100       0x10 build/default/production/TESTEventService.o
 .gnu.attributes
                0x00000110       0x10 build/default/production/AnalogTapeSensors.o
 .gnu.attributes
                0x00000120       0x10 build/default/production/Motor_Driver.o
 .gnu.attributes
                0x00000130       0x10 build/default/production/Servo.o
 .gnu.attributes
                0x00000140       0x10 build/default/production/BumperSensor.o
 .gnu.attributes
                0x00000150       0x10 build/default/production/TrackWire.o
 .gnu.attributes
                0x00000160       0x10 build/default/production/Beacon.o
 .gnu.attributes
                0x00000170       0x10 build/default/production/OnePointerSubHSM.o
 .gnu.attributes
                0x00000180       0x10 build/default/production/TwoPointerSubHSM.o
 .gnu.attributes
                0x00000190       0x10 build/default/production/ThreePointerSubHSM.o
 .gnu.attributes
                0x000001a0       0x10 build/default/production/OPBSubHSM.o
 .gnu.attributes
                0x000001b0       0x10 build/default/production/BDayFSM.o
 .gnu.attributes
                0x000001c0       0x10 c:/program files/microchip/xc32/v2.50/bin/bin/../../lib/gcc/pic32mx/4.8.3\libgcc.a(floatunsisf.o)
 .gnu.attributes
                0x000001d0       0x10 c:/program files/microchip/xc32/v2.50/bin/bin/../../lib/gcc/pic32mx/4.8.3/../../../../pic32mx/lib\libpic32.a(default-bootstrap-exception-handler.o)
 .gnu.attributes
                0x000001e0       0x10 c:/program files/microchip/xc32/v2.50/bin/bin/../../lib/gcc/pic32mx/4.8.3/../../../../pic32mx/lib\libpic32.a(default-on-reset.o)
 .gnu.attributes
                0x000001f0       0x10 c:/program files/microchip/xc32/v2.50/bin/bin/../../lib/gcc/pic32mx/4.8.3/../../../../pic32mx/lib\libpic32.a(default-on-bootstrap.o)
 .gnu.attributes
                0x00000200       0x10 c:/program files/microchip/xc32/v2.50/bin/bin/../../lib/gcc/pic32mx/4.8.3/../../../../pic32mx/lib\libpic32.a(default-general-exception-handler.o)
 .gnu.attributes
                0x00000210       0x10 c:/program files/microchip/xc32/v2.50/bin/bin/../../lib/gcc/pic32mx/4.8.3/../../../../pic32mx/lib\libpic32.a(defaultinterrupt.o)
 .gnu.attributes
                0x00000220       0x10 c:/program files/microchip/xc32/v2.50/bin/bin/../../lib/gcc/pic32mx/4.8.3/../../../../pic32mx/lib\liblega-c.a(fputs.o)
 .gnu.attributes
                0x00000230       0x10 c:/program files/microchip/xc32/v2.50/bin/bin/../../lib/gcc/pic32mx/4.8.3/../../../../pic32mx/lib\liblega-c.a(printf_cdnopuxX.eo)
 .gnu.attributes
                0x00000240       0x10 c:/program files/microchip/xc32/v2.50/bin/bin/../../lib/gcc/pic32mx/4.8.3/../../../../pic32mx/lib\liblega-c.a(strlen.o)
 .gnu.attributes
                0x00000250       0x10 c:/program files/microchip/xc32/v2.50/bin/bin/../../lib/gcc/pic32mx/4.8.3/../../../../pic32mx/lib\liblega-c.a(_doprnt_cdnopuxX.eo)
 .gnu.attributes
                0x00000260       0x10 c:/program files/microchip/xc32/v2.50/bin/bin/../../lib/gcc/pic32mx/4.8.3/../../../../pic32mx/lib\liblega-c.a(_iobdata.o)
 .gnu.attributes
                0x00000270       0x10 c:/program files/microchip/xc32/v2.50/bin/bin/../../lib/gcc/pic32mx/4.8.3/../../../../pic32mx/lib\liblega-c.a(_iobfuncs.o)
 .gnu.attributes
                0x00000280       0x10 c:/program files/microchip/xc32/v2.50/bin/bin/../../lib/gcc/pic32mx/4.8.3/../../../../pic32mx/lib\liblega-c.a(fputc.o)
 .gnu.attributes
                0x00000290       0x10 c:/program files/microchip/xc32/v2.50/bin/bin/../../lib/gcc/pic32mx/4.8.3/../../../../pic32mx/lib\liblega-c.a(errno.o)
 .gnu.attributes
                0x000002a0       0x10 c:/program files/microchip/xc32/v2.50/bin/bin/../../lib/gcc/pic32mx/4.8.3\libgcc.a(_udivdi3.o)
 .gnu.attributes
                0x000002b0       0x10 c:/program files/microchip/xc32/v2.50/bin/bin/../../lib/gcc/pic32mx/4.8.3\libgcc.a(_umoddi3.o)
 .gnu.attributes
                0x000002c0       0x10 c:/program files/microchip/xc32/v2.50/bin/bin/../../lib/gcc/pic32mx/4.8.3/../../../../pic32mx/lib\libpic32.a(_mon_write.o)
                0x00001000                _min_heap_size = 0x1000
LOAD C:\Users\LEOKIN~1\AppData\Local\Temp\ccgg4czK.o
LOAD C:\Users\LEOKIN~1\AppData\Local\Temp\ccTXPlbf.o
LOAD C:\Users\LEOKIN~1\AppData\Local\Temp\ccMD0BhX.o
LOAD c:/program files/microchip/xc32/v2.50/bin/bin/../../lib/gcc/pic32mx/4.8.3/../../../../pic32mx/lib/./proc/32MX340F128H\default_isr_vectors.o
LOAD c:/program files/microchip/xc32/v2.50/bin/bin/../../lib/gcc/pic32mx/4.8.3/../../../../pic32mx/lib\pic32_software_reset.o
LOAD c:/program files/microchip/xc32/v2.50/bin/bin/../../lib/gcc/pic32mx/4.8.3\libgcc.a
START GROUP
LOAD c:/program files/microchip/xc32/v2.50/bin/bin/../../lib/gcc/pic32mx/4.8.3/../../../../pic32mx/lib\libpic32.a
LOAD c:/program files/microchip/xc32/v2.50/bin/bin/../../lib/gcc/pic32mx/4.8.3/../../../../pic32mx/lib\libdebug.a
LOAD c:/program files/microchip/xc32/v2.50/bin/bin/../../lib/gcc/pic32mx/4.8.3/../../../../pic32mx/lib\libpic32.a
LOAD c:/program files/microchip/xc32/v2.50/bin/bin/../../lib/gcc/pic32mx/4.8.3/../../../../pic32mx/lib\liblega-c.a
LOAD c:/program files/microchip/xc32/v2.50/bin/bin/../../lib/gcc/pic32mx/4.8.3/../../../../pic32mx/lib\libm.a
LOAD c:/program files/microchip/xc32/v2.50/bin/bin/../../lib/gcc/pic32mx/4.8.3/../../../../pic32mx/lib\libe.a
LOAD c:/program files/microchip/xc32/v2.50/bin/bin/../../lib/gcc/pic32mx/4.8.3/../../../../pic32mx/lib\libdsp.a
LOAD c:/program files/microchip/xc32/v2.50/bin/bin/../../lib/gcc/pic32mx/4.8.3\libgcc.a
LOAD c:/program files/microchip/xc32/v2.50/bin/bin/../../lib/gcc/pic32mx/4.8.3/../../../../pic32mx/lib\libpic32.a
END GROUP
LOAD c:/program files/microchip/xc32/v2.50/bin/bin/../../lib/gcc/pic32mx/4.8.3\libgcc.a
OUTPUT(dist/default/production/ece118_final.production.elf elf32-tradlittlemips)
LOAD stack
LOAD data_init

.reginfo        0x00000000       0x18
 .reginfo       0x00000000       0x18 c:/program files/microchip/xc32/v2.50/bin/bin/../../lib/gcc/pic32mx/4.8.3/../../../../pic32mx/lib\debug-exception-return.o

.stack          0xa0002398      0x400
 .stack         0xa0002398      0x400 stack

.bss            0xa000014c      0x400
 .bss           0xa000014c      0x400 build/default/production/serial.o

.data           0xa000054c      0x18c
 .data          0xa000054c       0xd4 c:/program files/microchip/xc32/v2.50/bin/bin/../../lib/gcc/pic32mx/4.8.3/../../../../pic32mx/lib\liblega-c.a(_iobdata.o)
 .data          0xa0000620       0xb8 build/default/production/BDayFSM.o

.data           0xa00006d8       0xa8
 .data          0xa00006d8       0xa8 build/default/production/AD.o

.bss            0xa0000780       0xa8
 .bss           0xa0000780       0xa8 build/default/production/ES_Framework.o

.data           0xa0000828      0x128
 .data          0xa0000828       0x94 build/default/production/OnePointerSubHSM.o
 .data          0xa00008bc       0x94 build/default/production/TwoPointerSubHSM.o

.data           0xa0000950      0x128
 .data          0xa0000950       0x94 build/default/production/ThreePointerSubHSM.o
 .data          0xa00009e4       0x94 build/default/production/OPBSubHSM.o

.bss            0xa0000a78       0x88
 .bss           0xa0000a78       0x88 c:/program files/microchip/xc32/v2.50/bin/bin/../../lib/gcc/pic32mx/4.8.3/../../../../pic32mx/lib\liblega-c.a(_iobdata.o)

.data           0xa0000b00      0x108
 .data          0xa0000b00       0x84 build/default/production/ES_CheckEvents.o
 .data          0xa0000b84       0x84 build/default/production/ES_Framework.o

.data           0xa0000c08      0x108
 .data          0xa0000c08       0x84 build/default/production/ES_KeyboardInput.o
 .data          0xa0000c8c       0x84 build/default/production/ES_PostList.o

.data           0xa0000d10      0x108
 .data          0xa0000d10       0x84 build/default/production/ES_Queue.o
 .data          0xa0000d94       0x84 build/default/production/ES_Timers.o

.data           0xa0000e18      0x108
 .data          0xa0000e18       0x84 build/default/production/BCEventChecker.o
 .data          0xa0000e9c       0x84 build/default/production/DigitalTapeSensors.o

.data           0xa0000f20      0x108
 .data          0xa0000f20       0x84 build/default/production/TESTEventService.o
 .data          0xa0000fa4       0x84 build/default/production/AnalogTapeSensors.o

.data           0xa0001028      0x108
 .data          0xa0001028       0x84 build/default/production/Servo.o
 .data          0xa00010ac       0x84 build/default/production/BumperSensor.o

.data           0xa0001130      0x108
 .data          0xa0001130       0x84 build/default/production/TrackWire.o
 .data          0xa00011b4       0x84 build/default/production/Beacon.o

.bss            0xa0001238       0xb0
 .bss           0xa0001238       0x70 build/default/production/AD.o
 .bss           0xa00012a8       0x40 build/default/production/ES_Timers.o

.bss            0xa00012e8       0x40
 .bss           0xa00012e8       0x40 build/default/production/timers.o

.data           0xa0001328       0x18
 .data          0xa0001328       0x18 build/default/production/LED.o

.bss            0xa0001340       0x14
 .bss           0xa0001340       0x14 build/default/production/ES_KeyboardInput.o

.data           0xa0001354       0x14
 .data          0xa0001354       0x14 build/default/production/RC_Servo.o

.bss            0xa0001368       0x14
 .bss           0xa0001368       0x14 build/default/production/RC_Servo.o

.bss%z1         0x00000000        0x0
 .bss           0x00000000        0x0 c:/program files/microchip/xc32/v2.50/bin/bin/../../lib/gcc/pic32mx/4.8.3/../../../../pic32mx/lib\libpic32.a(_mon_write.o)

.data%z2        0x00000000        0x0
 .data          0x00000000        0x0 c:/program files/microchip/xc32/v2.50/bin/bin/../../lib/gcc/pic32mx/4.8.3/../../../../pic32mx/lib\libpic32.a(_mon_write.o)

.bss%z3         0x00000000        0x0
 .bss           0x00000000        0x0 c:/program files/microchip/xc32/v2.50/bin/bin/../../lib/gcc/pic32mx/4.8.3\libgcc.a(_umoddi3.o)

.data%z4        0x00000000        0x0
 .data          0x00000000        0x0 c:/program files/microchip/xc32/v2.50/bin/bin/../../lib/gcc/pic32mx/4.8.3\libgcc.a(_umoddi3.o)

.bss%z5         0x00000000        0x0
 .bss           0x00000000        0x0 c:/program files/microchip/xc32/v2.50/bin/bin/../../lib/gcc/pic32mx/4.8.3\libgcc.a(_udivdi3.o)

.data%z6        0x00000000        0x0
 .data          0x00000000        0x0 c:/program files/microchip/xc32/v2.50/bin/bin/../../lib/gcc/pic32mx/4.8.3\libgcc.a(_udivdi3.o)

.bss%z7         0x00000000        0x0
 .bss           0x00000000        0x0 c:/program files/microchip/xc32/v2.50/bin/bin/../../lib/gcc/pic32mx/4.8.3/../../../../pic32mx/lib\libm.a(sitofp.o)

.data%z8        0x00000000        0x0
 .data          0x00000000        0x0 c:/program files/microchip/xc32/v2.50/bin/bin/../../lib/gcc/pic32mx/4.8.3/../../../../pic32mx/lib\libm.a(sitofp.o)

.bss%z9         0x00000000        0x0
 .bss           0x00000000        0x0 c:/program files/microchip/xc32/v2.50/bin/bin/../../lib/gcc/pic32mx/4.8.3/../../../../pic32mx/lib\libm.a(fptoul.o)

.data%z10       0x00000000        0x0
 .data          0x00000000        0x0 c:/program files/microchip/xc32/v2.50/bin/bin/../../lib/gcc/pic32mx/4.8.3/../../../../pic32mx/lib\libm.a(fptoul.o)

.bss%z11        0x00000000        0x0
 .bss           0x00000000        0x0 c:/program files/microchip/xc32/v2.50/bin/bin/../../lib/gcc/pic32mx/4.8.3/../../../../pic32mx/lib\libm.a(fp32subadd.o)

.data%z12       0x00000000        0x0
 .data          0x00000000        0x0 c:/program files/microchip/xc32/v2.50/bin/bin/../../lib/gcc/pic32mx/4.8.3/../../../../pic32mx/lib\libm.a(fp32subadd.o)

.bss%z13        0x00000000        0x0
 .bss           0x00000000        0x0 c:/program files/microchip/xc32/v2.50/bin/bin/../../lib/gcc/pic32mx/4.8.3/../../../../pic32mx/lib\liblega-c.a(errno.o)

.data%z14       0x00000000        0x0
 .data          0x00000000        0x0 c:/program files/microchip/xc32/v2.50/bin/bin/../../lib/gcc/pic32mx/4.8.3/../../../../pic32mx/lib\liblega-c.a(errno.o)

.bss%z15        0x00000000        0x0
 .bss           0x00000000        0x0 c:/program files/microchip/xc32/v2.50/bin/bin/../../lib/gcc/pic32mx/4.8.3/../../../../pic32mx/lib\liblega-c.a(fputc.o)

.data%z16       0x00000000        0x0
 .data          0x00000000        0x0 c:/program files/microchip/xc32/v2.50/bin/bin/../../lib/gcc/pic32mx/4.8.3/../../../../pic32mx/lib\liblega-c.a(fputc.o)

.bss%z17        0x00000000        0x0
 .bss           0x00000000        0x0 c:/program files/microchip/xc32/v2.50/bin/bin/../../lib/gcc/pic32mx/4.8.3/../../../../pic32mx/lib\liblega-c.a(_iobfuncs.o)

.data%z18       0x00000000        0x0
 .data          0x00000000        0x0 c:/program files/microchip/xc32/v2.50/bin/bin/../../lib/gcc/pic32mx/4.8.3/../../../../pic32mx/lib\liblega-c.a(_iobfuncs.o)

.bss%z19        0x00000000        0x0
 .bss           0x00000000        0x0 c:/program files/microchip/xc32/v2.50/bin/bin/../../lib/gcc/pic32mx/4.8.3/../../../../pic32mx/lib\liblega-c.a(_doprnt_cdnopuxX.eo)

.data%z20       0x00000000        0x0
 .data          0x00000000        0x0 c:/program files/microchip/xc32/v2.50/bin/bin/../../lib/gcc/pic32mx/4.8.3/../../../../pic32mx/lib\liblega-c.a(_doprnt_cdnopuxX.eo)

.bss%z21        0x00000000        0x0
 .bss           0x00000000        0x0 c:/program files/microchip/xc32/v2.50/bin/bin/../../lib/gcc/pic32mx/4.8.3/../../../../pic32mx/lib\liblega-c.a(strlen.o)

.data%z22       0x00000000        0x0
 .data          0x00000000        0x0 c:/program files/microchip/xc32/v2.50/bin/bin/../../lib/gcc/pic32mx/4.8.3/../../../../pic32mx/lib\liblega-c.a(strlen.o)

.bss%z23        0x00000000        0x0
 .bss           0x00000000        0x0 c:/program files/microchip/xc32/v2.50/bin/bin/../../lib/gcc/pic32mx/4.8.3/../../../../pic32mx/lib\liblega-c.a(printf_cdnopuxX.eo)

.data%z24       0x00000000        0x0
 .data          0x00000000        0x0 c:/program files/microchip/xc32/v2.50/bin/bin/../../lib/gcc/pic32mx/4.8.3/../../../../pic32mx/lib\liblega-c.a(printf_cdnopuxX.eo)

.bss%z25        0x00000000        0x0
 .bss           0x00000000        0x0 c:/program files/microchip/xc32/v2.50/bin/bin/../../lib/gcc/pic32mx/4.8.3/../../../../pic32mx/lib\liblega-c.a(fputs.o)

.data%z26       0x00000000        0x0
 .data          0x00000000        0x0 c:/program files/microchip/xc32/v2.50/bin/bin/../../lib/gcc/pic32mx/4.8.3/../../../../pic32mx/lib\liblega-c.a(fputs.o)

.bss%z27        0x00000000        0x0
 .bss           0x00000000        0x0 c:/program files/microchip/xc32/v2.50/bin/bin/../../lib/gcc/pic32mx/4.8.3/../../../../pic32mx/lib\libpic32.a(defaultinterrupt.o)

.data%z28       0x00000000        0x0
 .data          0x00000000        0x0 c:/program files/microchip/xc32/v2.50/bin/bin/../../lib/gcc/pic32mx/4.8.3/../../../../pic32mx/lib\libpic32.a(defaultinterrupt.o)

.bss%z29        0x00000000        0x0
 .bss           0x00000000        0x0 c:/program files/microchip/xc32/v2.50/bin/bin/../../lib/gcc/pic32mx/4.8.3/../../../../pic32mx/lib\libpic32.a(default-general-exception-handler.o)

.data%z30       0x00000000        0x0
 .data          0x00000000        0x0 c:/program files/microchip/xc32/v2.50/bin/bin/../../lib/gcc/pic32mx/4.8.3/../../../../pic32mx/lib\libpic32.a(default-general-exception-handler.o)

.bss%z31        0x00000000        0x0
 .bss           0x00000000        0x0 c:/program files/microchip/xc32/v2.50/bin/bin/../../lib/gcc/pic32mx/4.8.3/../../../../pic32mx/lib\libpic32.a(vector44.o)

.data%z32       0x00000000        0x0
 .data          0x00000000        0x0 c:/program files/microchip/xc32/v2.50/bin/bin/../../lib/gcc/pic32mx/4.8.3/../../../../pic32mx/lib\libpic32.a(vector44.o)

.bss%z33        0x00000000        0x0
 .bss           0x00000000        0x0 c:/program files/microchip/xc32/v2.50/bin/bin/../../lib/gcc/pic32mx/4.8.3/../../../../pic32mx/lib\libpic32.a(vector43.o)

.data%z34       0x00000000        0x0
 .data          0x00000000        0x0 c:/program files/microchip/xc32/v2.50/bin/bin/../../lib/gcc/pic32mx/4.8.3/../../../../pic32mx/lib\libpic32.a(vector43.o)

.bss%z35        0x00000000        0x0
 .bss           0x00000000        0x0 c:/program files/microchip/xc32/v2.50/bin/bin/../../lib/gcc/pic32mx/4.8.3/../../../../pic32mx/lib\libpic32.a(vector42.o)

.data%z36       0x00000000        0x0
 .data          0x00000000        0x0 c:/program files/microchip/xc32/v2.50/bin/bin/../../lib/gcc/pic32mx/4.8.3/../../../../pic32mx/lib\libpic32.a(vector42.o)

.bss%z37        0x00000000        0x0
 .bss           0x00000000        0x0 c:/program files/microchip/xc32/v2.50/bin/bin/../../lib/gcc/pic32mx/4.8.3/../../../../pic32mx/lib\libpic32.a(vector41.o)

.data%z38       0x00000000        0x0
 .data          0x00000000        0x0 c:/program files/microchip/xc32/v2.50/bin/bin/../../lib/gcc/pic32mx/4.8.3/../../../../pic32mx/lib\libpic32.a(vector41.o)

.bss%z39        0x00000000        0x0
 .bss           0x00000000        0x0 c:/program files/microchip/xc32/v2.50/bin/bin/../../lib/gcc/pic32mx/4.8.3/../../../../pic32mx/lib\libpic32.a(vector40.o)

.data%z40       0x00000000        0x0
 .data          0x00000000        0x0 c:/program files/microchip/xc32/v2.50/bin/bin/../../lib/gcc/pic32mx/4.8.3/../../../../pic32mx/lib\libpic32.a(vector40.o)

.bss%z41        0x00000000        0x0
 .bss           0x00000000        0x0 c:/program files/microchip/xc32/v2.50/bin/bin/../../lib/gcc/pic32mx/4.8.3/../../../../pic32mx/lib\libpic32.a(vector39.o)

.data%z42       0x00000000        0x0
 .data          0x00000000        0x0 c:/program files/microchip/xc32/v2.50/bin/bin/../../lib/gcc/pic32mx/4.8.3/../../../../pic32mx/lib\libpic32.a(vector39.o)

.bss%z43        0x00000000        0x0
 .bss           0x00000000        0x0 c:/program files/microchip/xc32/v2.50/bin/bin/../../lib/gcc/pic32mx/4.8.3/../../../../pic32mx/lib\libpic32.a(vector38.o)

.data%z44       0x00000000        0x0
 .data          0x00000000        0x0 c:/program files/microchip/xc32/v2.50/bin/bin/../../lib/gcc/pic32mx/4.8.3/../../../../pic32mx/lib\libpic32.a(vector38.o)

.bss%z45        0x00000000        0x0
 .bss           0x00000000        0x0 c:/program files/microchip/xc32/v2.50/bin/bin/../../lib/gcc/pic32mx/4.8.3/../../../../pic32mx/lib\libpic32.a(vector37.o)

.data%z46       0x00000000        0x0
 .data          0x00000000        0x0 c:/program files/microchip/xc32/v2.50/bin/bin/../../lib/gcc/pic32mx/4.8.3/../../../../pic32mx/lib\libpic32.a(vector37.o)

.bss%z47        0x00000000        0x0
 .bss           0x00000000        0x0 c:/program files/microchip/xc32/v2.50/bin/bin/../../lib/gcc/pic32mx/4.8.3/../../../../pic32mx/lib\libpic32.a(vector36.o)

.data%z48       0x00000000        0x0
 .data          0x00000000        0x0 c:/program files/microchip/xc32/v2.50/bin/bin/../../lib/gcc/pic32mx/4.8.3/../../../../pic32mx/lib\libpic32.a(vector36.o)

.bss%z49        0x00000000        0x0
 .bss           0x00000000        0x0 c:/program files/microchip/xc32/v2.50/bin/bin/../../lib/gcc/pic32mx/4.8.3/../../../../pic32mx/lib\libpic32.a(vector35.o)

.data%z50       0x00000000        0x0
 .data          0x00000000        0x0 c:/program files/microchip/xc32/v2.50/bin/bin/../../lib/gcc/pic32mx/4.8.3/../../../../pic32mx/lib\libpic32.a(vector35.o)

.bss%z51        0x00000000        0x0
 .bss           0x00000000        0x0 c:/program files/microchip/xc32/v2.50/bin/bin/../../lib/gcc/pic32mx/4.8.3/../../../../pic32mx/lib\libpic32.a(vector34.o)

.data%z52       0x00000000        0x0
 .data          0x00000000        0x0 c:/program files/microchip/xc32/v2.50/bin/bin/../../lib/gcc/pic32mx/4.8.3/../../../../pic32mx/lib\libpic32.a(vector34.o)

.bss%z53        0x00000000        0x0
 .bss           0x00000000        0x0 c:/program files/microchip/xc32/v2.50/bin/bin/../../lib/gcc/pic32mx/4.8.3/../../../../pic32mx/lib\libpic32.a(vector33.o)

.data%z54       0x00000000        0x0
 .data          0x00000000        0x0 c:/program files/microchip/xc32/v2.50/bin/bin/../../lib/gcc/pic32mx/4.8.3/../../../../pic32mx/lib\libpic32.a(vector33.o)

.bss%z55        0x00000000        0x0
 .bss           0x00000000        0x0 c:/program files/microchip/xc32/v2.50/bin/bin/../../lib/gcc/pic32mx/4.8.3/../../../../pic32mx/lib\libpic32.a(vector32.o)

.data%z56       0x00000000        0x0
 .data          0x00000000        0x0 c:/program files/microchip/xc32/v2.50/bin/bin/../../lib/gcc/pic32mx/4.8.3/../../../../pic32mx/lib\libpic32.a(vector32.o)

.bss%z57        0x00000000        0x0
 .bss           0x00000000        0x0 c:/program files/microchip/xc32/v2.50/bin/bin/../../lib/gcc/pic32mx/4.8.3/../../../../pic32mx/lib\libpic32.a(vector31.o)

.data%z58       0x00000000        0x0
 .data          0x00000000        0x0 c:/program files/microchip/xc32/v2.50/bin/bin/../../lib/gcc/pic32mx/4.8.3/../../../../pic32mx/lib\libpic32.a(vector31.o)

.bss%z59        0x00000000        0x0
 .bss           0x00000000        0x0 c:/program files/microchip/xc32/v2.50/bin/bin/../../lib/gcc/pic32mx/4.8.3/../../../../pic32mx/lib\libpic32.a(vector30.o)

.data%z60       0x00000000        0x0
 .data          0x00000000        0x0 c:/program files/microchip/xc32/v2.50/bin/bin/../../lib/gcc/pic32mx/4.8.3/../../../../pic32mx/lib\libpic32.a(vector30.o)

.bss%z61        0x00000000        0x0
 .bss           0x00000000        0x0 c:/program files/microchip/xc32/v2.50/bin/bin/../../lib/gcc/pic32mx/4.8.3/../../../../pic32mx/lib\libpic32.a(vector29.o)

.data%z62       0x00000000        0x0
 .data          0x00000000        0x0 c:/program files/microchip/xc32/v2.50/bin/bin/../../lib/gcc/pic32mx/4.8.3/../../../../pic32mx/lib\libpic32.a(vector29.o)

.bss%z63        0x00000000        0x0
 .bss           0x00000000        0x0 c:/program files/microchip/xc32/v2.50/bin/bin/../../lib/gcc/pic32mx/4.8.3/../../../../pic32mx/lib\libpic32.a(vector28.o)

.data%z64       0x00000000        0x0
 .data          0x00000000        0x0 c:/program files/microchip/xc32/v2.50/bin/bin/../../lib/gcc/pic32mx/4.8.3/../../../../pic32mx/lib\libpic32.a(vector28.o)

.bss%z65        0x00000000        0x0